Microchip MPLAB XC8 Compiler V1.40 ()

Linker command line:

-W-3 --edf=C:\Program Files (x86)\Microchip\xc8\v1.40\dat\en_msgs.txt -cs \
  -h+dist/default/production\Motor_Driver_Firmware_V5.2.X_LPT_interface.production.sym \
  --cmf=dist/default/production\Motor_Driver_Firmware_V5.2.X_LPT_interface.production.cmf \
  -z -Q18F2321 -oC:\Users\THOMAS~1\AppData\Local\Temp\s52c.2 \
  -Mdist/default/production/Motor_Driver_Firmware_V5.2.X_LPT_interface.production.map \
  -E1 -ver=XC8 -ASTACK=080h-01ffh -pstack=STACK -ACODE=00h-01FFFh \
  -ACONST=00h-01FFFh -ASMALLCONST=0200h-02FFhx30 -AMEDIUMCONST=0200h-01FFFh \
  -ACOMRAM=01h-07Fh -AABS1=00h-01FFh -ABIGRAM=01h-01FFh \
  -ARAM=080h-0FFh,0100h-01FFh -ABANK0=080h-0FFh -ABANK1=0100h-01FFh \
  -ASFR=0F80h-0FFFh -preset_vec=00h,intcode=08h,intcodelo,powerup,init \
  -pramtop=0200h -psmallconst=SMALLCONST -pmediumconst=MEDIUMCONST \
  -pconst=CONST -AFARRAM=00h-00h -ACONFIG=0300000h-030000Dh -pconfig=CONFIG \
  -AIDLOC=0200000h-0200007h -pidloc=IDLOC -AEEDATA=0F00000h-0F000FFh \
  -peeprom_data=EEDATA \
  -prdata=COMRAM,nvrram=COMRAM,nvbit=COMRAM,rbss=COMRAM,rbit=COMRAM \
  -pfarbss=FARRAM,fardata=FARRAM,nvFARRAM=FARRAM \
  -pintsave_regs=BIGRAM,bigbss=BIGRAM,bigdata=BIGRAM -pbss=RAM \
  -pidata=CODE,irdata=CODE,ibigdata=CODE,ifardata=CODE -prparam=COMRAM \
  C:\Users\THOMAS~1\AppData\Local\Temp\s52c.obj \
  dist/default/production\Motor_Driver_Firmware_V5.2.X_LPT_interface.production.obj 

Object code version is 3.11

Machine type is 18F2321

Call graph: (short form)




                Name                               Link     Load   Length Selector   Space Scale
C:\Users\THOMAS~1\AppData\Local\Temp\s52c.obj
                init                                 94       94        4        4       0
                reset_vec                             0        0        4        0       0
                idloc                            200000   200000        8   200000       0
                config                           300000   300000        E   300000       0
dist/default/production\Motor_Driver_Firmware_V5.2.X_LPT_interface.production.obj
                intcode                               8        8       8C        4       0
                temp                                 6E       6E        1        1       1
                text42                              74C      74C       5A        4       0
                text41                              89C      89C       32        4       0
                text40                              C2A      C2A       10      4D2       0
                text39                              8CE      8CE       30        4       0
                text38                              866      866       36        4       0
                text37                              9E8      9E8       1E      4D2       0
                text36                              830      830       36        4       0
                text35                              6C8      6C8       84        4       0
                text34                              92A      92A       2C        4       0
                text33                              C02      C02       18      4D2       0
                text32                              BEA      BEA       18      4D2       0
                text31                              9C6      9C6       22      4D2       0
                text30                              9A4      9A4       22      4D2       0
                text29                              8FE      8FE       2C        4       0
                text28                              BD2      BD2       18      4D2       0
                text27                              BBA      BBA       18      4D2       0
                text26                              BA2      BA2       18      4D2       0
                text25                              B8A      B8A       18      4D2       0
                text24                              B72      B72       18      4D2       0
                text23                              B5A      B5A       18      4D2       0
                text22                              518      518      122        4       0
                text21                              63A      63A       8E        4       0
                text20                              7A6      7A6       50        4       0
                text19                              B42      B42       18      4D2       0
                text18                              B2A      B2A       18      4D2       0
                text17                              B12      B12       18      4D2       0
                text16                              AFA      AFA       18      4D2       0
                text15                              AE2      AE2       18      4D2       0
                text14                              ACA      ACA       18      4D2       0
                text13                              AB2      AB2       18      4D2       0
                text12                              A9A      A9A       18      4D2       0
                text11                              A82      A82       18      4D2       0
                text10                              A6A      A6A       18      4D2       0
                text9                               A52      A52       18      4D2       0
                text8                               A3A      A3A       18      4D2       0
                text7                               A22      A22       18      4D2       0
                text6                               C48      C48        E      4D2       0
                text5                               C3A      C3A        E      4D2       0
                text4                               A06      A06       1C      4D2       0
                text3                               C56      C56        C      4D2       0
                text2                               C1A      C1A       10      4D2       0
                text1                               956      956       28        4       0
                text0                                98       98      480        4       0
                cstackCOMRAM                         56       56       16        1       1
                dataCOMRAM                           31       31       25        1       1
                bssCOMRAM                             1        1       30        1       1
                cinit                               7F6      7F6       3A        4       0
                nvCOMRAM                             6C       6C        2        1       1
                idataCOMRAM                         97E      97E       25        4       0

TOTAL           Name                               Link     Load   Length     Space
        CLASS   STACK          

        CLASS   CODE           
                intcode                               8        8       8C         0
                init                                 94       94        4         0
                reset_vec                             0        0        4         0
                text42                              74C      74C       5A         0
                text41                              89C      89C       32         0
                text40                              C2A      C2A       10         0
                text39                              8CE      8CE       30         0
                text38                              866      866       36         0
                text37                              9E8      9E8       1E         0
                text36                              830      830       36         0
                text35                              6C8      6C8       84         0
                text34                              92A      92A       2C         0
                text33                              C02      C02       18         0
                text32                              BEA      BEA       18         0
                text31                              9C6      9C6       22         0
                text30                              9A4      9A4       22         0
                text29                              8FE      8FE       2C         0
                text28                              BD2      BD2       18         0
                text27                              BBA      BBA       18         0
                text26                              BA2      BA2       18         0
                text25                              B8A      B8A       18         0
                text24                              B72      B72       18         0
                text23                              B5A      B5A       18         0
                text22                              518      518      122         0
                text21                              63A      63A       8E         0
                text20                              7A6      7A6       50         0
                text19                              B42      B42       18         0
                text18                              B2A      B2A       18         0
                text17                              B12      B12       18         0
                text16                              AFA      AFA       18         0
                text15                              AE2      AE2       18         0
                text14                              ACA      ACA       18         0
                text13                              AB2      AB2       18         0
                text12                              A9A      A9A       18         0
                text11                              A82      A82       18         0
                text10                              A6A      A6A       18         0
                text9                               A52      A52       18         0
                text8                               A3A      A3A       18         0
                text7                               A22      A22       18         0
                text6                               C48      C48        E         0
                text5                               C3A      C3A        E         0
                text4                               A06      A06       1C         0
                text3                               C56      C56        C         0
                text2                               C1A      C1A       10         0
                text1                               956      956       28         0
                text0                                98       98      480         0
                cinit                               7F6      7F6       3A         0
                idataCOMRAM                         97E      97E       25         0

        CLASS   CONST          

        CLASS   SMALLCONST     

        CLASS   MEDIUMCONST    

        CLASS   COMRAM         
                temp                                 6E       6E        1         1
                cstackCOMRAM                         56       56       16         1
                dataCOMRAM                           31       31       25         1
                bssCOMRAM                             1        1       30         1
                nvCOMRAM                             6C       6C        2         1

        CLASS   ABS1           

        CLASS   BIGRAM         

        CLASS   RAM            

        CLASS   BANK0          

        CLASS   BANK1          

        CLASS   SFR            

        CLASS   FARRAM         

        CLASS   CONFIG         
                config                           300000   300000        E         0

        CLASS   IDLOC          
                idloc                            200000   200000        8         0

        CLASS   EEDATA         



SEGMENTS        Name                           Load    Length   Top    Selector   Space  Class

                reset_vec                      000000  000004  000004         0       0  CODE    
                bssCOMRAM                      000001  00006E  00006F         1       1  COMRAM  
                intcode                        000008  00099B  0009A3         4       0  CODE    
                text30                         0009A4  0002BE  000C62       4D2       0  CODE    
                idloc                          200000  000008  200008    200000       0  IDLOC   
                config                         300000  00000E  30000E    300000       0  CONFIG  


UNUSED ADDRESS RANGES

        Name                Unused          Largest block    Delta
        BANK0            000080-0000FF               80
        BANK1            000100-0001FF              100
        BIGRAM           00006F-0001FF              191
        CODE             000004-000007                4
                         0009A3-0009A3                1
                         000C62-001FFF             139E
        COMRAM           00006F-00007F               11
        CONST            000004-000007                4
                         0009A3-0009A3                1
                         000C62-001FFF             139E
        EEDATA           F00000-F000FF              100
        MEDIUMCONST      0009A3-0009A3                1
                         000C62-001FFF             139E
        RAM              000080-0001FF               80
        SFR              000F80-000FFF               80
        SMALLCONST       0009A3-0009A3                1
                         000C62-001FFF              100
        STACK            000080-0001FF              180

                                  Symbol Table

L6474@n                         bssCOMRAM    000020
L6474@value                     bssCOMRAM    000021
OpenSPI@bus_mode                cstackCOMRAM 000064
OpenSPI@smp_phase               cstackCOMRAM 000065
OpenSPI@sync_mode               cstackCOMRAM 000066
WriteSPI@TempVar                cstackCOMRAM 000064
WriteSPI@data_out               cstackCOMRAM 000065
_ADCON1bits                     (abs)        000FC1
_BAUDCONbits                    (abs)        000FB8
_EEADR                          (abs)        000FA9
_EECON1bits                     (abs)        000FA6
_EECON2                         (abs)        000FA7
_EEDATA                         (abs)        000FA8
_INTCONbits                     (abs)        000FF2
_OSCCON                         (abs)        000FD3
_OSCTUNE                        (abs)        000F9B
_OpenSPI                        text42       00074C
_PIE1bits                       (abs)        000F9D
_PIR1bits                       (abs)        000F9E
_PIR2bits                       (abs)        000FA1
_PORTA                          (abs)        000F80
_PORTB                          (abs)        000F81
_PORTC                          (abs)        000F82
_PORTCbits                      (abs)        000F82
_RCONbits                       (abs)        000FD0
_RCREG                          (abs)        000FAE
_RCSTAbits                      (abs)        000FAB
_SPBRG                          (abs)        000FAF
_SSPBUF                         (abs)        000FC9
_SSPCON1                        (abs)        000FC6
_SSPCON1bits                    (abs)        000FC6
_SSPSTAT                        (abs)        000FC7
_SSPSTATbits                    (abs)        000FC7
_T0CONbits                      (abs)        000FD5
_T1CON                          (abs)        000FCD
_T1CONbits                      (abs)        000FCD
_TMR0H                          (abs)        000FD7
_TMR0L                          (abs)        000FD6
_TMR1H                          (abs)        000FCF
_TMR1L                          (abs)        000FCE
_TRISA                          (abs)        000F92
_TRISAbits                      (abs)        000F92
_TRISB                          (abs)        000F93
_TRISC                          (abs)        000F94
_TRISCbits                      (abs)        000F94
_TXREG                          (abs)        000FAD
_TXSTAbits                      (abs)        000FAC
_WriteSPI                       text37       0009E8
__CFG_BBSIZ$BB256               (abs)        000000
__CFG_BOR$ON                    (abs)        000000
__CFG_BORV$2                    (abs)        000000
__CFG_CCP2MX$RC1                (abs)        000000
__CFG_CP0$OFF                   (abs)        000000
__CFG_CP1$OFF                   (abs)        000000
__CFG_CPB$OFF                   (abs)        000000
__CFG_CPD$OFF                   (abs)        000000
__CFG_EBTR0$OFF                 (abs)        000000
__CFG_EBTR1$OFF                 (abs)        000000
__CFG_EBTRB$OFF                 (abs)        000000
__CFG_FCMEN$OFF                 (abs)        000000
__CFG_IESO$OFF                  (abs)        000000
__CFG_LPT1OSC$OFF               (abs)        000000
__CFG_LVP$OFF                   (abs)        000000
__CFG_MCLRE$OFF                 (abs)        000000
__CFG_OSC$INTIO2                (abs)        000000
__CFG_PBADEN$DIG                (abs)        000000
__CFG_PWRT$ON                   (abs)        000000
__CFG_STVREN$OFF                (abs)        000000
__CFG_WDT$OFF                   (abs)        000000
__CFG_WDTPS$32768               (abs)        000000
__CFG_WRT0$OFF                  (abs)        000000
__CFG_WRT1$OFF                  (abs)        000000
__CFG_WRTB$OFF                  (abs)        000000
__CFG_WRTC$OFF                  (abs)        000000
__CFG_WRTD$OFF                  (abs)        000000
__CFG_XINST$OFF                 (abs)        000000
__HRAM                          (abs)        000000
__Habs1                         abs1         000000
__Hbank0                        bank0        000000
__Hbank1                        bank1        000000
__Hbigbss                       bigbss       000000
__Hbigdata                      bigdata      000000
__Hbigram                       bigram       000000
__Hbss                          bss          000000
__HbssCOMRAM                    bssCOMRAM    000000
__Hcinit                        cinit        000000
__Hclrtext                      clrtext      000000
__Hcomram                       comram       000000
__Hconfig                       config       30000E
__Hconst                        const        000000
__HcstackCOMRAM                 cstackCOMRAM 000000
__Hdata                         data         000000
__HdataCOMRAM                   dataCOMRAM   000000
__Heeprom_data                  eeprom_data  000000
__Hfarbss                       farbss       000000
__Hfardata                      fardata      000000
__Hibigdata                     ibigdata     000000
__Hidata                        idata        000000
__HidataCOMRAM                  idataCOMRAM  000000
__Hidloc                        idloc        200008
__Hifardata                     ifardata     000000
__Hinit                         init         000098
__Hintcode                      intcode      000094
__Hintcode_body                 intcode_body 000000
__Hintcodelo                    intcodelo    000094
__Hintentry                     intentry     000000
__Hintret                       intret       000000
__Hintsave_regs                 intsave_regs 000000
__Hirdata                       irdata       000000
__Hmediumconst                  mediumconst  000000
__HnvCOMRAM                     nvCOMRAM     000000
__HnvFARRAM                     nvFARRAM     000000
__Hnvbit                        nvbit        000000
__Hnvrram                       nvrram       000000
__Hparam                        rparam       000000
__Hpowerup                      powerup      000094
__Hram                          ram          000000
__Hramtop                       ramtop       000200
__Hrbit                         rbit         000000
__Hrbss                         rbss         000000
__Hrdata                        rdata        000000
__Hreset_vec                    reset_vec    000004
__Hrparam                       rparam       000000
__Hsfr                          sfr          000000
__Hsmallconst                   smallconst   000000
__Hspace_0                      (abs)        30000E
__Hspace_1                      (abs)        00006F
__Hspace_2                      (abs)        000000
__Hstack                        stack        000000
__Hstruct                       struct       000000
__Htemp                         temp         00006F
__Htext                         text         000000
__Htext0                        text0        000000
__Htext1                        text1        000000
__Htext10                       text10       000000
__Htext11                       text11       000000
__Htext12                       text12       000000
__Htext13                       text13       000000
__Htext14                       text14       000000
__Htext15                       text15       000000
__Htext16                       text16       000000
__Htext17                       text17       000000
__Htext18                       text18       000000
__Htext19                       text19       000000
__Htext2                        text2        000000
__Htext20                       text20       000000
__Htext21                       text21       000000
__Htext22                       text22       000000
__Htext23                       text23       000000
__Htext24                       text24       000000
__Htext25                       text25       000000
__Htext26                       text26       000000
__Htext27                       text27       000000
__Htext28                       text28       000000
__Htext29                       text29       000000
__Htext3                        text3        000000
__Htext30                       text30       000000
__Htext31                       text31       000000
__Htext32                       text32       000000
__Htext33                       text33       000000
__Htext34                       text34       000000
__Htext35                       text35       000000
__Htext36                       text36       000000
__Htext37                       text37       000000
__Htext38                       text38       000000
__Htext39                       text39       000000
__Htext4                        text4        000000
__Htext40                       text40       000000
__Htext41                       text41       000000
__Htext42                       text42       000000
__Htext5                        text5        000000
__Htext6                        text6        000000
__Htext7                        text7        000000
__Htext8                        text8        000000
__Htext9                        text9        000000
__LRAM                          (abs)        000001
__Labs1                         abs1         000000
__Lbank0                        bank0        000000
__Lbank1                        bank1        000000
__Lbigbss                       bigbss       000000
__Lbigdata                      bigdata      000000
__Lbigram                       bigram       000000
__Lbss                          bss          000000
__LbssCOMRAM                    bssCOMRAM    000000
__Lcinit                        cinit        000000
__Lclrtext                      clrtext      000000
__Lcomram                       comram       000000
__Lconfig                       config       300000
__Lconst                        const        000000
__LcstackCOMRAM                 cstackCOMRAM 000000
__Ldata                         data         000000
__LdataCOMRAM                   dataCOMRAM   000000
__Leeprom_data                  eeprom_data  000000
__Lfarbss                       farbss       000000
__Lfardata                      fardata      000000
__Libigdata                     ibigdata     000000
__Lidata                        idata        000000
__LidataCOMRAM                  idataCOMRAM  000000
__Lidloc                        idloc        200000
__Lifardata                     ifardata     000000
__Linit                         init         000094
__Lintcode                      intcode      000008
__Lintcode_body                 intcode_body 000000
__Lintcodelo                    intcodelo    000094
__Lintentry                     intentry     000000
__Lintret                       intret       000000
__Lintsave_regs                 intsave_regs 000000
__Lirdata                       irdata       000000
__Lmediumconst                  mediumconst  000000
__LnvCOMRAM                     nvCOMRAM     000000
__LnvFARRAM                     nvFARRAM     000000
__Lnvbit                        nvbit        000000
__Lnvrram                       nvrram       000000
__Lparam                        rparam       000000
__Lpowerup                      powerup      000094
__Lram                          ram          000000
__Lramtop                       ramtop       000200
__Lrbit                         rbit         000000
__Lrbss                         rbss         000000
__Lrdata                        rdata        000000
__Lreset_vec                    reset_vec    000000
__Lrparam                       rparam       000000
__Lsfr                          sfr          000000
__Lsmallconst                   smallconst   000000
__Lspace_0                      (abs)        000000
__Lspace_1                      (abs)        000000
__Lspace_2                      (abs)        000000
__Lstack                        stack        000000
__Lstruct                       struct       000000
__Ltemp                         temp         00006E
__Ltext                         text         000000
__Ltext0                        text0        000000
__Ltext1                        text1        000000
__Ltext10                       text10       000000
__Ltext11                       text11       000000
__Ltext12                       text12       000000
__Ltext13                       text13       000000
__Ltext14                       text14       000000
__Ltext15                       text15       000000
__Ltext16                       text16       000000
__Ltext17                       text17       000000
__Ltext18                       text18       000000
__Ltext19                       text19       000000
__Ltext2                        text2        000000
__Ltext20                       text20       000000
__Ltext21                       text21       000000
__Ltext22                       text22       000000
__Ltext23                       text23       000000
__Ltext24                       text24       000000
__Ltext25                       text25       000000
__Ltext26                       text26       000000
__Ltext27                       text27       000000
__Ltext28                       text28       000000
__Ltext29                       text29       000000
__Ltext3                        text3        000000
__Ltext30                       text30       000000
__Ltext31                       text31       000000
__Ltext32                       text32       000000
__Ltext33                       text33       000000
__Ltext34                       text34       000000
__Ltext35                       text35       000000
__Ltext36                       text36       000000
__Ltext37                       text37       000000
__Ltext38                       text38       000000
__Ltext39                       text39       000000
__Ltext4                        text4        000000
__Ltext40                       text40       000000
__Ltext41                       text41       000000
__Ltext42                       text42       000000
__Ltext5                        text5        000000
__Ltext6                        text6        000000
__Ltext7                        text7        000000
__Ltext8                        text8        000000
__Ltext9                        text9        000000
__S0                            (abs)        30000E
__S1                            (abs)        00006F
__S2                            (abs)        000000
___inthi_sp                     stack        000000
___intlo_sp                     stack        000000
___param_bank                   (abs)        000000
___rparam_used                  (abs)        000001
___sp                           stack        000000
__accesstop                     (abs)        000080
__activetblptr                  (abs)        000002
__end_of_OpenSPI                text42       0007A6
__end_of_WriteSPI               text37       000A06
__end_of__initialization        cinit        000822
__end_of_blank_check            text39       0008FE
__end_of_chksum_check           text38       00089C
__end_of_copy_from_eeprom       text22       00063A
__end_of_delay_us               text36       000866
__end_of_get_abs_pos            text19       000B5A
__end_of_get_adc_out            text18       000B42
__end_of_get_alarm_en           text17       000B2A
__end_of_get_config             text16       000B12
__end_of_get_eeprom_offset      text41       0008CE
__end_of_get_el_pos             text15       000AFA
__end_of_get_mark               text14       000AE2
__end_of_get_ocd_th             text13       000ACA
__end_of_get_status             text12       000AB2
__end_of_get_step_mode          text11       000A9A
__end_of_get_t_fast             text10       000A82
__end_of_get_toff_min           text9        000A6A
__end_of_get_ton_min            text8        000A52
__end_of_get_tval               text7        000A3A
__end_of_high_isr               intcode      000094
__end_of_main                   text0        000518
__end_of_motor_disable          text6        000C56
__end_of_motor_enable           text5        000C48
__end_of_read_eeprom_data       text40       000C3A
__end_of_read_spi_chain         text20       0007F6
__end_of_read_spi_chain_single  text21       0006C8
__end_of_reset_position         text4        000A22
__end_of_set_abs_pos            text34       000956
__end_of_set_adc_out            text33       000C1A
__end_of_set_alarm_en           text32       000C02
__end_of_set_config             text31       0009E8
__end_of_set_el_pos             text30       0009C6
__end_of_set_mark               text29       00092A
__end_of_set_ocd_th             text28       000BEA
__end_of_set_step_mode          text27       000BD2
__end_of_set_t_fast             text26       000BBA
__end_of_set_toff_min           text25       000BA2
__end_of_set_ton_min            text24       000B8A
__end_of_set_tval               text23       000B72
__end_of_uart_getc              text3        000C62
__end_of_uart_putc              text2        000C2A
__end_of_write_eeprom_data      text1        00097E
__end_of_write_spi_chain        text35       00074C
__initialization                cinit        0007F6
__mediumconst                   mediumconst  000000
__pbssCOMRAM                    bssCOMRAM    000001
__pcinit                        cinit        0007F6
__pcstackCOMRAM                 cstackCOMRAM 000056
__pdataCOMRAM                   dataCOMRAM   000031
__pidataCOMRAM                  idataCOMRAM  00097E
__pintcode                      intcode      000008
__pnvCOMRAM                     nvCOMRAM     00006C
__ptext0                        text0        000098
__ptext1                        text1        000956
__ptext10                       text10       000A6A
__ptext11                       text11       000A82
__ptext12                       text12       000A9A
__ptext13                       text13       000AB2
__ptext14                       text14       000ACA
__ptext15                       text15       000AE2
__ptext16                       text16       000AFA
__ptext17                       text17       000B12
__ptext18                       text18       000B2A
__ptext19                       text19       000B42
__ptext2                        text2        000C1A
__ptext20                       text20       0007A6
__ptext21                       text21       00063A
__ptext22                       text22       000518
__ptext23                       text23       000B5A
__ptext24                       text24       000B72
__ptext25                       text25       000B8A
__ptext26                       text26       000BA2
__ptext27                       text27       000BBA
__ptext28                       text28       000BD2
__ptext29                       text29       0008FE
__ptext3                        text3        000C56
__ptext30                       text30       0009A4
__ptext31                       text31       0009C6
__ptext32                       text32       000BEA
__ptext33                       text33       000C02
__ptext34                       text34       00092A
__ptext35                       text35       0006C8
__ptext36                       text36       000830
__ptext37                       text37       0009E8
__ptext38                       text38       000866
__ptext39                       text39       0008CE
__ptext4                        text4        000A06
__ptext40                       text40       000C2A
__ptext41                       text41       00089C
__ptext42                       text42       00074C
__ptext5                        text5        000C3A
__ptext6                        text6        000C48
__ptext7                        text7        000A22
__ptext8                        text8        000A3A
__ptext9                        text9        000A52
__ramtop                        ramtop       000200
__size_of_OpenSPI               (abs)        000000
__size_of_WriteSPI              (abs)        000000
__size_of_blank_check           (abs)        000000
__size_of_chksum_check          (abs)        000000
__size_of_copy_from_eeprom      (abs)        000000
__size_of_delay_us              (abs)        000000
__size_of_get_abs_pos           (abs)        000000
__size_of_get_adc_out           (abs)        000000
__size_of_get_alarm_en          (abs)        000000
__size_of_get_config            (abs)        000000
__size_of_get_eeprom_offset     (abs)        000000
__size_of_get_el_pos            (abs)        000000
__size_of_get_mark              (abs)        000000
__size_of_get_ocd_th            (abs)        000000
__size_of_get_status            (abs)        000000
__size_of_get_step_mode         (abs)        000000
__size_of_get_t_fast            (abs)        000000
__size_of_get_toff_min          (abs)        000000
__size_of_get_ton_min           (abs)        000000
__size_of_get_tval              (abs)        000000
__size_of_high_isr              (abs)        000000
__size_of_main                  (abs)        000000
__size_of_motor_disable         (abs)        000000
__size_of_motor_enable          (abs)        000000
__size_of_read_eeprom_data      (abs)        000000
__size_of_read_spi_chain        (abs)        000000
__size_of_read_spi_chain_single (abs)        000000
__size_of_reset_position        (abs)        000000
__size_of_set_abs_pos           (abs)        000000
__size_of_set_adc_out           (abs)        000000
__size_of_set_alarm_en          (abs)        000000
__size_of_set_config            (abs)        000000
__size_of_set_el_pos            (abs)        000000
__size_of_set_mark              (abs)        000000
__size_of_set_ocd_th            (abs)        000000
__size_of_set_step_mode         (abs)        000000
__size_of_set_t_fast            (abs)        000000
__size_of_set_toff_min          (abs)        000000
__size_of_set_ton_min           (abs)        000000
__size_of_set_tval              (abs)        000000
__size_of_uart_getc             (abs)        000000
__size_of_uart_putc             (abs)        000000
__size_of_write_eeprom_data     (abs)        000000
__size_of_write_spi_chain       (abs)        000000
__smallconst                    smallconst   000000
_blank_check                    text39       0008CE
_chksum                         bssCOMRAM    000022
_chksum_check                   text38       000866
_copy_from_eeprom               text22       000518
_default_value                  dataCOMRAM   000031
_delay_us                       text36       000830
_eeprom_offset                  bssCOMRAM    000023
_get_abs_pos                    text19       000B42
_get_adc_out                    text18       000B2A
_get_alarm_en                   text17       000B12
_get_config                     text16       000AFA
_get_eeprom_offset              text41       00089C
_get_el_pos                     text15       000AE2
_get_mark                       text14       000ACA
_get_ocd_th                     text13       000AB2
_get_status                     text12       000A9A
_get_step_mode                  text11       000A82
_get_t_fast                     text10       000A6A
_get_toff_min                   text9        000A52
_get_ton_min                    text8        000A3A
_get_tval                       text7        000A22
_high_isr                       intcode      000008
_led_status                     bssCOMRAM    000025
_led_timer                      bssCOMRAM    00001E
_main                           text0        000098
_motor_disable                  text6        000C48
_motor_enable                   text5        000C3A
_motor_enabled                  bssCOMRAM    000026
_motor_unit                     bssCOMRAM    000027
_n                              bssCOMRAM    000028
_offset                         bssCOMRAM    000029
_param1                         bssCOMRAM    00002A
_param2                         bssCOMRAM    00002B
_param3                         bssCOMRAM    00002C
_read_eeprom_data               text40       000C2A
_read_spi_chain                 text20       0007A6
_read_spi_chain_single          text21       00063A
_reset_position                 text4        000A06
_rx                             bssCOMRAM    00002D
_rx_index                       bssCOMRAM    00002E
_rx_packet                      bssCOMRAM    000001
_set_abs_pos                    text34       00092A
_set_adc_out                    text33       000C02
_set_alarm_en                   text32       000BEA
_set_config                     text31       0009C6
_set_el_pos                     text30       0009A4
_set_mark                       text29       0008FE
_set_ocd_th                     text28       000BD2
_set_step_mode                  text27       000BBA
_set_t_fast                     text26       000BA2
_set_toff_min                   text25       000B8A
_set_ton_min                    text24       000B72
_set_tval                       text23       000B5A
_spi_rx                         bssCOMRAM    000016
_spi_tx                         bssCOMRAM    00001A
_state                          bssCOMRAM    00002F
_total_1ms_tick                 nvCOMRAM     00006C
_uart_getc                      text3        000C56
_uart_putc                      text2        000C1A
_value                          bssCOMRAM    000030
_write_eeprom_data              text1        000956
_write_spi_chain                text35       0006C8
blank_check@unit                cstackCOMRAM 000065
btemp                           temp         00006E
chksum_check@unit               cstackCOMRAM 000065
copy_from_eeprom@unit           cstackCOMRAM 00006B
delay_us@n                      cstackCOMRAM 000066
delay_us@usec                   cstackCOMRAM 000064
end_of_initialization           cinit        000822
get_abs_pos@unit                cstackCOMRAM 00006B
get_adc_out@unit                cstackCOMRAM 00006B
get_alarm_en@unit               cstackCOMRAM 00006B
get_config@unit                 cstackCOMRAM 00006B
get_eeprom_offset@unit          cstackCOMRAM 000064
get_el_pos@unit                 cstackCOMRAM 00006B
get_mark@unit                   cstackCOMRAM 00006B
get_ocd_th@unit                 cstackCOMRAM 00006B
get_status@unit                 cstackCOMRAM 00006B
get_step_mode@unit              cstackCOMRAM 00006B
get_t_fast@unit                 cstackCOMRAM 00006B
get_toff_min@unit               cstackCOMRAM 00006B
get_ton_min@unit                cstackCOMRAM 00006B
get_tval@unit                   cstackCOMRAM 00006B
int$flags                       temp         00006E
intlevel0                       text         000000
intlevel1                       text         000000
intlevel2                       text         000000
intlevel3                       text         000000
motor_disable@unit              cstackCOMRAM 00006A
motor_enable@unit               cstackCOMRAM 00006A
read_eeprom_data@addr           cstackCOMRAM 000064
read_spi_chain@num_response     cstackCOMRAM 00006A
read_spi_chain@unit             cstackCOMRAM 000069
read_spi_chain_single@unit      cstackCOMRAM 000068
reset_position@unit             cstackCOMRAM 00006B
set_abs_pos@unit                cstackCOMRAM 00006A
set_adc_out@unit                cstackCOMRAM 00006A
set_alarm_en@unit               cstackCOMRAM 00006A
set_config@unit                 cstackCOMRAM 00006A
set_el_pos@unit                 cstackCOMRAM 00006A
set_mark@unit                   cstackCOMRAM 00006A
set_ocd_th@unit                 cstackCOMRAM 00006A
set_step_mode@unit              cstackCOMRAM 00006A
set_t_fast@unit                 cstackCOMRAM 00006A
set_toff_min@unit               cstackCOMRAM 00006A
set_ton_min@unit                cstackCOMRAM 00006A
set_tval@unit                   cstackCOMRAM 00006A
stackhi                         (abs)        0001FF
stacklo                         (abs)        000080
start                           init         000094
start_initialization            cinit        0007F6
uart_getc@c                     cstackCOMRAM 000064
uart_p2x@F2625                  dataCOMRAM   000046
uart_putc@byte                  cstackCOMRAM 000064
write_eeprom_data@addr          cstackCOMRAM 000065
write_eeprom_data@data          cstackCOMRAM 000064
write_spi_chain@unit            cstackCOMRAM 000068
write_spi_chain@value           cstackCOMRAM 000069


FUNCTION INFORMATION:

 *************** function _main *****************
 Defined at:
		line 110 in file "src/main.c"
 Parameters:    Size  Location     Type
		None
 Auto vars:     Size  Location     Type
		None
 Return value:  Size  Location     Type
                  1    wreg      void 
 Registers used:
		wreg, fsr2l, fsr2h, status,2, status,0, prodl, prodh, cstack
 Tracked objects:
		On entry : 
		On exit  : 
		Unchanged: 
 Data sizes:     COMRAM   BANK0   BANK1
      Params:         0       0       0
      Locals:         0       0       0
      Temps:          0       0       0
      Totals:         0       0       0
Total ram usage:        0 bytes
 Hardware stack levels required when called:    5
 This function calls:
		_OpenSPI
		_blank_check
		_chksum_check
		_copy_from_eeprom
		_get_abs_pos
		_get_adc_out
		_get_alarm_en
		_get_config
		_get_el_pos
		_get_mark
		_get_ocd_th
		_get_status
		_get_step_mode
		_get_t_fast
		_get_toff_min
		_get_ton_min
		_get_tval
		_motor_disable
		_motor_enable
		_reset_position
		_uart_getc
		_uart_putc
		_write_eeprom_data
 This function is called by:
		Startup code after reset
 This function uses a non-reentrant model


 *************** function _write_eeprom_data *****************
 Defined at:
		line 22 in file "src/eeprom.c"
 Parameters:    Size  Location     Type
  addr            1    wreg     unsigned char 
  data            1   14[COMRAM] unsigned char 
 Auto vars:     Size  Location     Type
  addr            1   15[COMRAM] unsigned char 
 Return value:  Size  Location     Type
                  1    wreg      void 
 Registers used:
		wreg, status,2
 Tracked objects:
		On entry : 
		On exit  : 
		Unchanged: 
 Data sizes:     COMRAM   BANK0   BANK1
      Params:         1       0       0
      Locals:         1       0       0
      Temps:          0       0       0
      Totals:         2       0       0
Total ram usage:        2 bytes
 Hardware stack levels used:    1
 Hardware stack levels required when called:    1
 This function calls:
		Nothing
 This function is called by:
		_main
 This function uses a non-reentrant model


 *************** function _uart_putc *****************
 Defined at:
		line 5 in file "src/serial.c"
 Parameters:    Size  Location     Type
  byte            1    wreg     unsigned char 
 Auto vars:     Size  Location     Type
  byte            1   14[COMRAM] unsigned char 
 Return value:  Size  Location     Type
                  1    wreg      void 
 Registers used:
		wreg
 Tracked objects:
		On entry : 
		On exit  : 
		Unchanged: 
 Data sizes:     COMRAM   BANK0   BANK1
      Params:         0       0       0
      Locals:         1       0       0
      Temps:          0       0       0
      Totals:         1       0       0
Total ram usage:        1 bytes
 Hardware stack levels used:    1
 Hardware stack levels required when called:    1
 This function calls:
		Nothing
 This function is called by:
		_main
		_uart_puts
		_uart_p2x
 This function uses a non-reentrant model


 *************** function _uart_getc *****************
 Defined at:
		line 18 in file "src/serial.c"
 Parameters:    Size  Location     Type
		None
 Auto vars:     Size  Location     Type
  c               1   14[COMRAM] unsigned char 
 Return value:  Size  Location     Type
                  1    wreg      unsigned char 
 Registers used:
		wreg, status,2
 Tracked objects:
		On entry : 
		On exit  : 
		Unchanged: 
 Data sizes:     COMRAM   BANK0   BANK1
      Params:         0       0       0
      Locals:         1       0       0
      Temps:          0       0       0
      Totals:         1       0       0
Total ram usage:        1 bytes
 Hardware stack levels used:    1
 Hardware stack levels required when called:    1
 This function calls:
		Nothing
 This function is called by:
		_main
 This function uses a non-reentrant model


 *************** function _reset_position *****************
 Defined at:
		line 246 in file "src/L6474.c"
 Parameters:    Size  Location     Type
  unit            1    wreg     unsigned char 
 Auto vars:     Size  Location     Type
  unit            1   21[COMRAM] unsigned char 
 Return value:  Size  Location     Type
                  1    wreg      void 
 Registers used:
		wreg, status,2, status,0, cstack
 Tracked objects:
		On entry : 
		On exit  : 
		Unchanged: 
 Data sizes:     COMRAM   BANK0   BANK1
      Params:         0       0       0
      Locals:         1       0       0
      Temps:          0       0       0
      Totals:         1       0       0
Total ram usage:        1 bytes
 Hardware stack levels used:    1
 Hardware stack levels required when called:    4
 This function calls:
		_set_abs_pos
		_set_el_pos
 This function is called by:
		_main
 This function uses a non-reentrant model


 *************** function _motor_enable *****************
 Defined at:
		line 254 in file "src/L6474.c"
 Parameters:    Size  Location     Type
  unit            1    wreg     unsigned char 
 Auto vars:     Size  Location     Type
  unit            1   20[COMRAM] unsigned char 
 Return value:  Size  Location     Type
                  1    wreg      void 
 Registers used:
		wreg, status,2, status,0, cstack
 Tracked objects:
		On entry : 
		On exit  : 
		Unchanged: 
 Data sizes:     COMRAM   BANK0   BANK1
      Params:         0       0       0
      Locals:         1       0       0
      Temps:          0       0       0
      Totals:         1       0       0
Total ram usage:        1 bytes
 Hardware stack levels used:    1
 Hardware stack levels required when called:    3
 This function calls:
		_write_spi_chain
 This function is called by:
		_main
 This function uses a non-reentrant model


 *************** function _motor_disable *****************
 Defined at:
		line 258 in file "src/L6474.c"
 Parameters:    Size  Location     Type
  unit            1    wreg     unsigned char 
 Auto vars:     Size  Location     Type
  unit            1   20[COMRAM] unsigned char 
 Return value:  Size  Location     Type
                  1    wreg      void 
 Registers used:
		wreg, status,2, status,0, cstack
 Tracked objects:
		On entry : 
		On exit  : 
		Unchanged: 
 Data sizes:     COMRAM   BANK0   BANK1
      Params:         0       0       0
      Locals:         1       0       0
      Temps:          0       0       0
      Totals:         1       0       0
Total ram usage:        1 bytes
 Hardware stack levels used:    1
 Hardware stack levels required when called:    3
 This function calls:
		_write_spi_chain
 This function is called by:
		_main
 This function uses a non-reentrant model


 *************** function _get_tval *****************
 Defined at:
		line 152 in file "src/L6474.c"
 Parameters:    Size  Location     Type
  unit            1    wreg     unsigned char 
 Auto vars:     Size  Location     Type
  unit            1   21[COMRAM] unsigned char 
 Return value:  Size  Location     Type
                  1    wreg      void 
 Registers used:
		wreg, status,2, status,0, cstack
 Tracked objects:
		On entry : 
		On exit  : 
		Unchanged: 
 Data sizes:     COMRAM   BANK0   BANK1
      Params:         0       0       0
      Locals:         1       0       0
      Temps:          0       0       0
      Totals:         1       0       0
Total ram usage:        1 bytes
 Hardware stack levels used:    1
 Hardware stack levels required when called:    4
 This function calls:
		_read_spi_chain
		_write_spi_chain
 This function is called by:
		_main
 This function uses a non-reentrant model


 *************** function _get_ton_min *****************
 Defined at:
		line 174 in file "src/L6474.c"
 Parameters:    Size  Location     Type
  unit            1    wreg     unsigned char 
 Auto vars:     Size  Location     Type
  unit            1   21[COMRAM] unsigned char 
 Return value:  Size  Location     Type
                  1    wreg      void 
 Registers used:
		wreg, status,2, status,0, cstack
 Tracked objects:
		On entry : 
		On exit  : 
		Unchanged: 
 Data sizes:     COMRAM   BANK0   BANK1
      Params:         0       0       0
      Locals:         1       0       0
      Temps:          0       0       0
      Totals:         1       0       0
Total ram usage:        1 bytes
 Hardware stack levels used:    1
 Hardware stack levels required when called:    4
 This function calls:
		_read_spi_chain
		_write_spi_chain
 This function is called by:
		_main
 This function uses a non-reentrant model


 *************** function _get_toff_min *****************
 Defined at:
		line 185 in file "src/L6474.c"
 Parameters:    Size  Location     Type
  unit            1    wreg     unsigned char 
 Auto vars:     Size  Location     Type
  unit            1   21[COMRAM] unsigned char 
 Return value:  Size  Location     Type
                  1    wreg      void 
 Registers used:
		wreg, status,2, status,0, cstack
 Tracked objects:
		On entry : 
		On exit  : 
		Unchanged: 
 Data sizes:     COMRAM   BANK0   BANK1
      Params:         0       0       0
      Locals:         1       0       0
      Temps:          0       0       0
      Totals:         1       0       0
Total ram usage:        1 bytes
 Hardware stack levels used:    1
 Hardware stack levels required when called:    4
 This function calls:
		_read_spi_chain
		_write_spi_chain
 This function is called by:
		_main
 This function uses a non-reentrant model


 *************** function _get_t_fast *****************
 Defined at:
		line 163 in file "src/L6474.c"
 Parameters:    Size  Location     Type
  unit            1    wreg     unsigned char 
 Auto vars:     Size  Location     Type
  unit            1   21[COMRAM] unsigned char 
 Return value:  Size  Location     Type
                  1    wreg      void 
 Registers used:
		wreg, status,2, status,0, cstack
 Tracked objects:
		On entry : 
		On exit  : 
		Unchanged: 
 Data sizes:     COMRAM   BANK0   BANK1
      Params:         0       0       0
      Locals:         1       0       0
      Temps:          0       0       0
      Totals:         1       0       0
Total ram usage:        1 bytes
 Hardware stack levels used:    1
 Hardware stack levels required when called:    4
 This function calls:
		_read_spi_chain
		_write_spi_chain
 This function is called by:
		_main
 This function uses a non-reentrant model


 *************** function _get_step_mode *****************
 Defined at:
		line 218 in file "src/L6474.c"
 Parameters:    Size  Location     Type
  unit            1    wreg     unsigned char 
 Auto vars:     Size  Location     Type
  unit            1   21[COMRAM] unsigned char 
 Return value:  Size  Location     Type
                  1    wreg      void 
 Registers used:
		wreg, status,2, status,0, cstack
 Tracked objects:
		On entry : 
		On exit  : 
		Unchanged: 
 Data sizes:     COMRAM   BANK0   BANK1
      Params:         0       0       0
      Locals:         1       0       0
      Temps:          0       0       0
      Totals:         1       0       0
Total ram usage:        1 bytes
 Hardware stack levels used:    1
 Hardware stack levels required when called:    4
 This function calls:
		_read_spi_chain
		_write_spi_chain
 This function is called by:
		_main
 This function uses a non-reentrant model


 *************** function _get_status *****************
 Defined at:
		line 262 in file "src/L6474.c"
 Parameters:    Size  Location     Type
  unit            1    wreg     unsigned char 
 Auto vars:     Size  Location     Type
  unit            1   21[COMRAM] unsigned char 
 Return value:  Size  Location     Type
                  1    wreg      void 
 Registers used:
		wreg, status,2, status,0, cstack
 Tracked objects:
		On entry : 
		On exit  : 
		Unchanged: 
 Data sizes:     COMRAM   BANK0   BANK1
      Params:         0       0       0
      Locals:         1       0       0
      Temps:          0       0       0
      Totals:         1       0       0
Total ram usage:        1 bytes
 Hardware stack levels used:    1
 Hardware stack levels required when called:    4
 This function calls:
		_read_spi_chain
		_write_spi_chain
 This function is called by:
		_main
 This function uses a non-reentrant model


 *************** function _get_ocd_th *****************
 Defined at:
		line 207 in file "src/L6474.c"
 Parameters:    Size  Location     Type
  unit            1    wreg     unsigned char 
 Auto vars:     Size  Location     Type
  unit            1   21[COMRAM] unsigned char 
 Return value:  Size  Location     Type
                  1    wreg      void 
 Registers used:
		wreg, status,2, status,0, cstack
 Tracked objects:
		On entry : 
		On exit  : 
		Unchanged: 
 Data sizes:     COMRAM   BANK0   BANK1
      Params:         0       0       0
      Locals:         1       0       0
      Temps:          0       0       0
      Totals:         1       0       0
Total ram usage:        1 bytes
 Hardware stack levels used:    1
 Hardware stack levels required when called:    4
 This function calls:
		_read_spi_chain
		_write_spi_chain
 This function is called by:
		_main
 This function uses a non-reentrant model


 *************** function _get_mark *****************
 Defined at:
		line 141 in file "src/L6474.c"
 Parameters:    Size  Location     Type
  unit            1    wreg     unsigned char 
 Auto vars:     Size  Location     Type
  unit            1   21[COMRAM] unsigned char 
 Return value:  Size  Location     Type
                  1    wreg      void 
 Registers used:
		wreg, status,2, status,0, cstack
 Tracked objects:
		On entry : 
		On exit  : 
		Unchanged: 
 Data sizes:     COMRAM   BANK0   BANK1
      Params:         0       0       0
      Locals:         1       0       0
      Temps:          0       0       0
      Totals:         1       0       0
Total ram usage:        1 bytes
 Hardware stack levels used:    1
 Hardware stack levels required when called:    4
 This function calls:
		_read_spi_chain
		_write_spi_chain
 This function is called by:
		_main
 This function uses a non-reentrant model


 *************** function _get_el_pos *****************
 Defined at:
		line 127 in file "src/L6474.c"
 Parameters:    Size  Location     Type
  unit            1    wreg     unsigned char 
 Auto vars:     Size  Location     Type
  unit            1   21[COMRAM] unsigned char 
 Return value:  Size  Location     Type
                  1    wreg      void 
 Registers used:
		wreg, status,2, status,0, cstack
 Tracked objects:
		On entry : 
		On exit  : 
		Unchanged: 
 Data sizes:     COMRAM   BANK0   BANK1
      Params:         0       0       0
      Locals:         1       0       0
      Temps:          0       0       0
      Totals:         1       0       0
Total ram usage:        1 bytes
 Hardware stack levels used:    1
 Hardware stack levels required when called:    4
 This function calls:
		_read_spi_chain
		_write_spi_chain
 This function is called by:
		_main
 This function uses a non-reentrant model


 *************** function _get_config *****************
 Defined at:
		line 241 in file "src/L6474.c"
 Parameters:    Size  Location     Type
  unit            1    wreg     unsigned char 
 Auto vars:     Size  Location     Type
  unit            1   21[COMRAM] unsigned char 
 Return value:  Size  Location     Type
                  1    wreg      void 
 Registers used:
		wreg, status,2, status,0, cstack
 Tracked objects:
		On entry : 
		On exit  : 
		Unchanged: 
 Data sizes:     COMRAM   BANK0   BANK1
      Params:         0       0       0
      Locals:         1       0       0
      Temps:          0       0       0
      Totals:         1       0       0
Total ram usage:        1 bytes
 Hardware stack levels used:    1
 Hardware stack levels required when called:    4
 This function calls:
		_read_spi_chain
		_write_spi_chain
 This function is called by:
		_main
 This function uses a non-reentrant model


 *************** function _get_alarm_en *****************
 Defined at:
		line 229 in file "src/L6474.c"
 Parameters:    Size  Location     Type
  unit            1    wreg     unsigned char 
 Auto vars:     Size  Location     Type
  unit            1   21[COMRAM] unsigned char 
 Return value:  Size  Location     Type
                  1    wreg      void 
 Registers used:
		wreg, status,2, status,0, cstack
 Tracked objects:
		On entry : 
		On exit  : 
		Unchanged: 
 Data sizes:     COMRAM   BANK0   BANK1
      Params:         0       0       0
      Locals:         1       0       0
      Temps:          0       0       0
      Totals:         1       0       0
Total ram usage:        1 bytes
 Hardware stack levels used:    1
 Hardware stack levels required when called:    4
 This function calls:
		_read_spi_chain
		_write_spi_chain
 This function is called by:
		_main
 This function uses a non-reentrant model


 *************** function _get_adc_out *****************
 Defined at:
		line 196 in file "src/L6474.c"
 Parameters:    Size  Location     Type
  unit            1    wreg     unsigned char 
 Auto vars:     Size  Location     Type
  unit            1   21[COMRAM] unsigned char 
 Return value:  Size  Location     Type
                  1    wreg      void 
 Registers used:
		wreg, status,2, status,0, cstack
 Tracked objects:
		On entry : 
		On exit  : 
		Unchanged: 
 Data sizes:     COMRAM   BANK0   BANK1
      Params:         0       0       0
      Locals:         1       0       0
      Temps:          0       0       0
      Totals:         1       0       0
Total ram usage:        1 bytes
 Hardware stack levels used:    1
 Hardware stack levels required when called:    4
 This function calls:
		_read_spi_chain
		_write_spi_chain
 This function is called by:
		_main
 This function uses a non-reentrant model


 *************** function _get_abs_pos *****************
 Defined at:
		line 113 in file "src/L6474.c"
 Parameters:    Size  Location     Type
  unit            1    wreg     unsigned char 
 Auto vars:     Size  Location     Type
  unit            1   21[COMRAM] unsigned char 
 Return value:  Size  Location     Type
                  1    wreg      void 
 Registers used:
		wreg, status,2, status,0, cstack
 Tracked objects:
		On entry : 
		On exit  : 
		Unchanged: 
 Data sizes:     COMRAM   BANK0   BANK1
      Params:         0       0       0
      Locals:         1       0       0
      Temps:          0       0       0
      Totals:         1       0       0
Total ram usage:        1 bytes
 Hardware stack levels used:    1
 Hardware stack levels required when called:    4
 This function calls:
		_read_spi_chain
		_write_spi_chain
 This function is called by:
		_main
 This function uses a non-reentrant model


 *************** function _read_spi_chain *****************
 Defined at:
		line 55 in file "src/L6474.c"
 Parameters:    Size  Location     Type
  num_response    1    wreg     unsigned char 
  unit            1   19[COMRAM] unsigned char 
 Auto vars:     Size  Location     Type
  num_response    1   20[COMRAM] unsigned char 
 Return value:  Size  Location     Type
                  1    wreg      void 
 Registers used:
		wreg, status,2, status,0, cstack
 Tracked objects:
		On entry : 
		On exit  : 
		Unchanged: 
 Data sizes:     COMRAM   BANK0   BANK1
      Params:         1       0       0
      Locals:         1       0       0
      Temps:          0       0       0
      Totals:         2       0       0
Total ram usage:        2 bytes
 Hardware stack levels used:    1
 Hardware stack levels required when called:    3
 This function calls:
		_read_spi_chain_single
 This function is called by:
		_get_abs_pos
		_get_el_pos
		_get_mark
		_get_tval
		_get_t_fast
		_get_ton_min
		_get_toff_min
		_get_adc_out
		_get_ocd_th
		_get_step_mode
		_get_alarm_en
		_get_config
		_get_status
 This function uses a non-reentrant model


 *************** function _read_spi_chain_single *****************
 Defined at:
		line 22 in file "src/L6474.c"
 Parameters:    Size  Location     Type
  unit            1    wreg     unsigned char 
 Auto vars:     Size  Location     Type
  unit            1   18[COMRAM] unsigned char 
 Return value:  Size  Location     Type
                  1    wreg      unsigned char 
 Registers used:
		wreg, status,2, status,0, cstack
 Tracked objects:
		On entry : 
		On exit  : 
		Unchanged: 
 Data sizes:     COMRAM   BANK0   BANK1
      Params:         0       0       0
      Locals:         1       0       0
      Temps:          0       0       0
      Totals:         1       0       0
Total ram usage:        1 bytes
 Hardware stack levels used:    1
 Hardware stack levels required when called:    2
 This function calls:
		_WriteSPI
		_delay_us
 This function is called by:
		_read_spi_chain
 This function uses a non-reentrant model


 *************** function _copy_from_eeprom *****************
 Defined at:
		line 286 in file "src/L6474.c"
 Parameters:    Size  Location     Type
  unit            1    wreg     unsigned char 
 Auto vars:     Size  Location     Type
  unit            1   21[COMRAM] unsigned char 
 Return value:  Size  Location     Type
                  1    wreg      void 
 Registers used:
		wreg, status,2, status,0, cstack
 Tracked objects:
		On entry : 
		On exit  : 
		Unchanged: 
 Data sizes:     COMRAM   BANK0   BANK1
      Params:         0       0       0
      Locals:         1       0       0
      Temps:          0       0       0
      Totals:         1       0       0
Total ram usage:        1 bytes
 Hardware stack levels used:    1
 Hardware stack levels required when called:    4
 This function calls:
		_get_eeprom_offset
		_read_eeprom_data
		_set_abs_pos
		_set_adc_out
		_set_alarm_en
		_set_config
		_set_el_pos
		_set_mark
		_set_ocd_th
		_set_step_mode
		_set_t_fast
		_set_toff_min
		_set_ton_min
		_set_tval
 This function is called by:
		_main
 This function uses a non-reentrant model


 *************** function _set_tval *****************
 Defined at:
		line 147 in file "src/L6474.c"
 Parameters:    Size  Location     Type
  unit            1    wreg     unsigned char 
 Auto vars:     Size  Location     Type
  unit            1   20[COMRAM] unsigned char 
 Return value:  Size  Location     Type
                  1    wreg      void 
 Registers used:
		wreg, status,2, status,0, cstack
 Tracked objects:
		On entry : 
		On exit  : 
		Unchanged: 
 Data sizes:     COMRAM   BANK0   BANK1
      Params:         0       0       0
      Locals:         1       0       0
      Temps:          0       0       0
      Totals:         1       0       0
Total ram usage:        1 bytes
 Hardware stack levels used:    1
 Hardware stack levels required when called:    3
 This function calls:
		_write_spi_chain
 This function is called by:
		_copy_from_eeprom
 This function uses a non-reentrant model


 *************** function _set_ton_min *****************
 Defined at:
		line 169 in file "src/L6474.c"
 Parameters:    Size  Location     Type
  unit            1    wreg     unsigned char 
 Auto vars:     Size  Location     Type
  unit            1   20[COMRAM] unsigned char 
 Return value:  Size  Location     Type
                  1    wreg      void 
 Registers used:
		wreg, status,2, status,0, cstack
 Tracked objects:
		On entry : 
		On exit  : 
		Unchanged: 
 Data sizes:     COMRAM   BANK0   BANK1
      Params:         0       0       0
      Locals:         1       0       0
      Temps:          0       0       0
      Totals:         1       0       0
Total ram usage:        1 bytes
 Hardware stack levels used:    1
 Hardware stack levels required when called:    3
 This function calls:
		_write_spi_chain
 This function is called by:
		_copy_from_eeprom
 This function uses a non-reentrant model


 *************** function _set_toff_min *****************
 Defined at:
		line 180 in file "src/L6474.c"
 Parameters:    Size  Location     Type
  unit            1    wreg     unsigned char 
 Auto vars:     Size  Location     Type
  unit            1   20[COMRAM] unsigned char 
 Return value:  Size  Location     Type
                  1    wreg      void 
 Registers used:
		wreg, status,2, status,0, cstack
 Tracked objects:
		On entry : 
		On exit  : 
		Unchanged: 
 Data sizes:     COMRAM   BANK0   BANK1
      Params:         0       0       0
      Locals:         1       0       0
      Temps:          0       0       0
      Totals:         1       0       0
Total ram usage:        1 bytes
 Hardware stack levels used:    1
 Hardware stack levels required when called:    3
 This function calls:
		_write_spi_chain
 This function is called by:
		_copy_from_eeprom
 This function uses a non-reentrant model


 *************** function _set_t_fast *****************
 Defined at:
		line 158 in file "src/L6474.c"
 Parameters:    Size  Location     Type
  unit            1    wreg     unsigned char 
 Auto vars:     Size  Location     Type
  unit            1   20[COMRAM] unsigned char 
 Return value:  Size  Location     Type
                  1    wreg      void 
 Registers used:
		wreg, status,2, status,0, cstack
 Tracked objects:
		On entry : 
		On exit  : 
		Unchanged: 
 Data sizes:     COMRAM   BANK0   BANK1
      Params:         0       0       0
      Locals:         1       0       0
      Temps:          0       0       0
      Totals:         1       0       0
Total ram usage:        1 bytes
 Hardware stack levels used:    1
 Hardware stack levels required when called:    3
 This function calls:
		_write_spi_chain
 This function is called by:
		_copy_from_eeprom
 This function uses a non-reentrant model


 *************** function _set_step_mode *****************
 Defined at:
		line 213 in file "src/L6474.c"
 Parameters:    Size  Location     Type
  unit            1    wreg     unsigned char 
 Auto vars:     Size  Location     Type
  unit            1   20[COMRAM] unsigned char 
 Return value:  Size  Location     Type
                  1    wreg      void 
 Registers used:
		wreg, status,2, status,0, cstack
 Tracked objects:
		On entry : 
		On exit  : 
		Unchanged: 
 Data sizes:     COMRAM   BANK0   BANK1
      Params:         0       0       0
      Locals:         1       0       0
      Temps:          0       0       0
      Totals:         1       0       0
Total ram usage:        1 bytes
 Hardware stack levels used:    1
 Hardware stack levels required when called:    3
 This function calls:
		_write_spi_chain
 This function is called by:
		_copy_from_eeprom
 This function uses a non-reentrant model


 *************** function _set_ocd_th *****************
 Defined at:
		line 202 in file "src/L6474.c"
 Parameters:    Size  Location     Type
  unit            1    wreg     unsigned char 
 Auto vars:     Size  Location     Type
  unit            1   20[COMRAM] unsigned char 
 Return value:  Size  Location     Type
                  1    wreg      void 
 Registers used:
		wreg, status,2, status,0, cstack
 Tracked objects:
		On entry : 
		On exit  : 
		Unchanged: 
 Data sizes:     COMRAM   BANK0   BANK1
      Params:         0       0       0
      Locals:         1       0       0
      Temps:          0       0       0
      Totals:         1       0       0
Total ram usage:        1 bytes
 Hardware stack levels used:    1
 Hardware stack levels required when called:    3
 This function calls:
		_write_spi_chain
 This function is called by:
		_copy_from_eeprom
 This function uses a non-reentrant model


 *************** function _set_mark *****************
 Defined at:
		line 134 in file "src/L6474.c"
 Parameters:    Size  Location     Type
  unit            1    wreg     unsigned char 
 Auto vars:     Size  Location     Type
  unit            1   20[COMRAM] unsigned char 
 Return value:  Size  Location     Type
                  1    wreg      void 
 Registers used:
		wreg, status,2, status,0, cstack
 Tracked objects:
		On entry : 
		On exit  : 
		Unchanged: 
 Data sizes:     COMRAM   BANK0   BANK1
      Params:         0       0       0
      Locals:         1       0       0
      Temps:          0       0       0
      Totals:         1       0       0
Total ram usage:        1 bytes
 Hardware stack levels used:    1
 Hardware stack levels required when called:    3
 This function calls:
		_write_spi_chain
 This function is called by:
		_copy_from_eeprom
 This function uses a non-reentrant model


 *************** function _set_el_pos *****************
 Defined at:
		line 120 in file "src/L6474.c"
 Parameters:    Size  Location     Type
  unit            1    wreg     unsigned char 
 Auto vars:     Size  Location     Type
  unit            1   20[COMRAM] unsigned char 
 Return value:  Size  Location     Type
                  1    wreg      void 
 Registers used:
		wreg, status,2, status,0, cstack
 Tracked objects:
		On entry : 
		On exit  : 
		Unchanged: 
 Data sizes:     COMRAM   BANK0   BANK1
      Params:         0       0       0
      Locals:         1       0       0
      Temps:          0       0       0
      Totals:         1       0       0
Total ram usage:        1 bytes
 Hardware stack levels used:    1
 Hardware stack levels required when called:    3
 This function calls:
		_write_spi_chain
 This function is called by:
		_reset_position
		_copy_from_eeprom
 This function uses a non-reentrant model


 *************** function _set_config *****************
 Defined at:
		line 235 in file "src/L6474.c"
 Parameters:    Size  Location     Type
  unit            1    wreg     unsigned char 
 Auto vars:     Size  Location     Type
  unit            1   20[COMRAM] unsigned char 
 Return value:  Size  Location     Type
                  1    wreg      void 
 Registers used:
		wreg, status,2, status,0, cstack
 Tracked objects:
		On entry : 
		On exit  : 
		Unchanged: 
 Data sizes:     COMRAM   BANK0   BANK1
      Params:         0       0       0
      Locals:         1       0       0
      Temps:          0       0       0
      Totals:         1       0       0
Total ram usage:        1 bytes
 Hardware stack levels used:    1
 Hardware stack levels required when called:    3
 This function calls:
		_write_spi_chain
 This function is called by:
		_copy_from_eeprom
 This function uses a non-reentrant model


 *************** function _set_alarm_en *****************
 Defined at:
		line 224 in file "src/L6474.c"
 Parameters:    Size  Location     Type
  unit            1    wreg     unsigned char 
 Auto vars:     Size  Location     Type
  unit            1   20[COMRAM] unsigned char 
 Return value:  Size  Location     Type
                  1    wreg      void 
 Registers used:
		wreg, status,2, status,0, cstack
 Tracked objects:
		On entry : 
		On exit  : 
		Unchanged: 
 Data sizes:     COMRAM   BANK0   BANK1
      Params:         0       0       0
      Locals:         1       0       0
      Temps:          0       0       0
      Totals:         1       0       0
Total ram usage:        1 bytes
 Hardware stack levels used:    1
 Hardware stack levels required when called:    3
 This function calls:
		_write_spi_chain
 This function is called by:
		_copy_from_eeprom
 This function uses a non-reentrant model


 *************** function _set_adc_out *****************
 Defined at:
		line 191 in file "src/L6474.c"
 Parameters:    Size  Location     Type
  unit            1    wreg     unsigned char 
 Auto vars:     Size  Location     Type
  unit            1   20[COMRAM] unsigned char 
 Return value:  Size  Location     Type
                  1    wreg      void 
 Registers used:
		wreg, status,2, status,0, cstack
 Tracked objects:
		On entry : 
		On exit  : 
		Unchanged: 
 Data sizes:     COMRAM   BANK0   BANK1
      Params:         0       0       0
      Locals:         1       0       0
      Temps:          0       0       0
      Totals:         1       0       0
Total ram usage:        1 bytes
 Hardware stack levels used:    1
 Hardware stack levels required when called:    3
 This function calls:
		_write_spi_chain
 This function is called by:
		_copy_from_eeprom
 This function uses a non-reentrant model


 *************** function _set_abs_pos *****************
 Defined at:
		line 105 in file "src/L6474.c"
 Parameters:    Size  Location     Type
  unit            1    wreg     unsigned char 
 Auto vars:     Size  Location     Type
  unit            1   20[COMRAM] unsigned char 
 Return value:  Size  Location     Type
                  1    wreg      void 
 Registers used:
		wreg, status,2, status,0, cstack
 Tracked objects:
		On entry : 
		On exit  : 
		Unchanged: 
 Data sizes:     COMRAM   BANK0   BANK1
      Params:         0       0       0
      Locals:         1       0       0
      Temps:          0       0       0
      Totals:         1       0       0
Total ram usage:        1 bytes
 Hardware stack levels used:    1
 Hardware stack levels required when called:    3
 This function calls:
		_write_spi_chain
 This function is called by:
		_reset_position
		_copy_from_eeprom
 This function uses a non-reentrant model


 *************** function _write_spi_chain *****************
 Defined at:
		line 73 in file "src/L6474.c"
 Parameters:    Size  Location     Type
  value           1    wreg     unsigned char 
  unit            1   18[COMRAM] unsigned char 
 Auto vars:     Size  Location     Type
  value           1   19[COMRAM] unsigned char 
 Return value:  Size  Location     Type
                  1    wreg      void 
 Registers used:
		wreg, status,2, status,0, cstack
 Tracked objects:
		On entry : 
		On exit  : 
		Unchanged: 
 Data sizes:     COMRAM   BANK0   BANK1
      Params:         1       0       0
      Locals:         1       0       0
      Temps:          0       0       0
      Totals:         2       0       0
Total ram usage:        2 bytes
 Hardware stack levels used:    1
 Hardware stack levels required when called:    2
 This function calls:
		_WriteSPI
		_delay_us
 This function is called by:
		_set_abs_pos
		_get_abs_pos
		_set_el_pos
		_get_el_pos
		_set_mark
		_get_mark
		_set_tval
		_get_tval
		_set_t_fast
		_get_t_fast
		_set_ton_min
		_get_ton_min
		_set_toff_min
		_get_toff_min
		_set_adc_out
		_get_adc_out
		_set_ocd_th
		_get_ocd_th
		_set_step_mode
		_get_step_mode
		_set_alarm_en
		_get_alarm_en
		_set_config
		_get_config
		_motor_enable
		_motor_disable
		_get_status
 This function uses a non-reentrant model


 *************** function _delay_us *****************
 Defined at:
		line 74 in file "src/interrupt.c"
 Parameters:    Size  Location     Type
  usec            2   14[COMRAM] int 
 Auto vars:     Size  Location     Type
  n               2   16[COMRAM] int 
 Return value:  Size  Location     Type
                  1    wreg      void 
 Registers used:
		wreg, status,2, status,0
 Tracked objects:
		On entry : 
		On exit  : 
		Unchanged: 
 Data sizes:     COMRAM   BANK0   BANK1
      Params:         2       0       0
      Locals:         2       0       0
      Temps:          0       0       0
      Totals:         4       0       0
Total ram usage:        4 bytes
 Hardware stack levels used:    1
 Hardware stack levels required when called:    1
 This function calls:
		Nothing
 This function is called by:
		_read_spi_chain_single
		_write_spi_chain
 This function uses a non-reentrant model


 *************** function _WriteSPI *****************
 Defined at:
		line 13 in file "src/spi_writ.c"
 Parameters:    Size  Location     Type
  data_out        1    wreg     unsigned char 
 Auto vars:     Size  Location     Type
  data_out        1   15[COMRAM] unsigned char 
  TempVar         1   14[COMRAM] unsigned char 
 Return value:  Size  Location     Type
                  1    wreg      char 
 Registers used:
		wreg
 Tracked objects:
		On entry : 
		On exit  : 
		Unchanged: 
 Data sizes:     COMRAM   BANK0   BANK1
      Params:         0       0       0
      Locals:         2       0       0
      Temps:          0       0       0
      Totals:         2       0       0
Total ram usage:        2 bytes
 Hardware stack levels used:    1
 Hardware stack levels required when called:    1
 This function calls:
		Nothing
 This function is called by:
		_read_spi_chain_single
		_write_spi_chain
 This function uses a non-reentrant model


 *************** function _chksum_check *****************
 Defined at:
		line 367 in file "src/L6474.c"
 Parameters:    Size  Location     Type
  unit            1    wreg     unsigned char 
 Auto vars:     Size  Location     Type
  unit            1   15[COMRAM] unsigned char 
 Return value:  Size  Location     Type
                  1    wreg      unsigned char 
 Registers used:
		wreg, status,2, status,0, cstack
 Tracked objects:
		On entry : 
		On exit  : 
		Unchanged: 
 Data sizes:     COMRAM   BANK0   BANK1
      Params:         0       0       0
      Locals:         1       0       0
      Temps:          0       0       0
      Totals:         1       0       0
Total ram usage:        1 bytes
 Hardware stack levels used:    1
 Hardware stack levels required when called:    2
 This function calls:
		_get_eeprom_offset
		_read_eeprom_data
 This function is called by:
		_main
 This function uses a non-reentrant model


 *************** function _blank_check *****************
 Defined at:
		line 355 in file "src/L6474.c"
 Parameters:    Size  Location     Type
  unit            1    wreg     unsigned char 
 Auto vars:     Size  Location     Type
  unit            1   15[COMRAM] unsigned char 
 Return value:  Size  Location     Type
                  1    wreg      unsigned char 
 Registers used:
		wreg, status,2, status,0, cstack
 Tracked objects:
		On entry : 
		On exit  : 
		Unchanged: 
 Data sizes:     COMRAM   BANK0   BANK1
      Params:         0       0       0
      Locals:         1       0       0
      Temps:          0       0       0
      Totals:         1       0       0
Total ram usage:        1 bytes
 Hardware stack levels used:    1
 Hardware stack levels required when called:    2
 This function calls:
		_get_eeprom_offset
		_read_eeprom_data
 This function is called by:
		_main
 This function uses a non-reentrant model


 *************** function _read_eeprom_data *****************
 Defined at:
		line 6 in file "src/eeprom.c"
 Parameters:    Size  Location     Type
  addr            1    wreg     unsigned char 
 Auto vars:     Size  Location     Type
  addr            1   14[COMRAM] unsigned char 
 Return value:  Size  Location     Type
                  1    wreg      unsigned char 
 Registers used:
		wreg, status,2
 Tracked objects:
		On entry : 
		On exit  : 
		Unchanged: 
 Data sizes:     COMRAM   BANK0   BANK1
      Params:         0       0       0
      Locals:         1       0       0
      Temps:          0       0       0
      Totals:         1       0       0
Total ram usage:        1 bytes
 Hardware stack levels used:    1
 Hardware stack levels required when called:    1
 This function calls:
		Nothing
 This function is called by:
		_copy_from_eeprom
		_blank_check
		_chksum_check
 This function uses a non-reentrant model


 *************** function _get_eeprom_offset *****************
 Defined at:
		line 268 in file "src/L6474.c"
 Parameters:    Size  Location     Type
  unit            1    wreg     unsigned char 
 Auto vars:     Size  Location     Type
  unit            1   14[COMRAM] unsigned char 
 Return value:  Size  Location     Type
                  1    wreg      unsigned char 
 Registers used:
		wreg, status,2, status,0
 Tracked objects:
		On entry : 
		On exit  : 
		Unchanged: 
 Data sizes:     COMRAM   BANK0   BANK1
      Params:         0       0       0
      Locals:         1       0       0
      Temps:          0       0       0
      Totals:         1       0       0
Total ram usage:        1 bytes
 Hardware stack levels used:    1
 Hardware stack levels required when called:    1
 This function calls:
		Nothing
 This function is called by:
		_copy_from_eeprom
		_blank_check
		_chksum_check
 This function uses a non-reentrant model


 *************** function _OpenSPI *****************
 Defined at:
		line 14 in file "src/spi_open.c"
 Parameters:    Size  Location     Type
  sync_mode       1    wreg     unsigned char 
  bus_mode        1   14[COMRAM] unsigned char 
  smp_phase       1   15[COMRAM] unsigned char 
 Auto vars:     Size  Location     Type
  sync_mode       1   16[COMRAM] unsigned char 
 Return value:  Size  Location     Type
                  1    wreg      void 
 Registers used:
		wreg, status,2, status,0
 Tracked objects:
		On entry : 
		On exit  : 
		Unchanged: 
 Data sizes:     COMRAM   BANK0   BANK1
      Params:         2       0       0
      Locals:         1       0       0
      Temps:          0       0       0
      Totals:         3       0       0
Total ram usage:        3 bytes
 Hardware stack levels used:    1
 Hardware stack levels required when called:    1
 This function calls:
		Nothing
 This function is called by:
		_main
 This function uses a non-reentrant model


 *************** function _high_isr *****************
 Defined at:
		line 10 in file "src/interrupt.c"
 Parameters:    Size  Location     Type
		None
 Auto vars:     Size  Location     Type
		None
 Return value:  Size  Location     Type
                  1    wreg      void 
 Registers used:
		wreg, status,2, status,0
 Tracked objects:
		On entry : 
		On exit  : 
		Unchanged: 
 Data sizes:     COMRAM   BANK0   BANK1
      Params:         0       0       0
      Locals:         0       0       0
      Temps:         14       0       0
      Totals:        14       0       0
Total ram usage:       14 bytes
 Hardware stack levels used:    1
 This function calls:
		Nothing
 This function is called by:
		Interrupt level 2
 This function uses a non-reentrant model



MODULE INFORMATION

Module		Function		Class		Link	Load	Size
src/L6474.c
		_set_toff_min  		CODE           	0B8A	0000	25
		_write_spi_chain		CODE           	06C8	0000	133
		_get_eeprom_offset		CODE           	089C	0000	51
		_get_mark      		CODE           	0ACA	0000	25
		_get_abs_pos   		CODE           	0B42	0000	25
		_reset_position		CODE           	0A06	0000	29
		_get_alarm_en  		CODE           	0B12	0000	25
		_set_mark      		CODE           	08FE	0000	45
		_set_abs_pos   		CODE           	092A	0000	45
		_set_alarm_en  		CODE           	0BEA	0000	25
		_blank_check   		CODE           	08CE	0000	49
		_get_t_fast    		CODE           	0A6A	0000	25
		_get_ton_min   		CODE           	0A3A	0000	25
		_motor_disable 		CODE           	0C48	0000	15
		_get_el_pos    		CODE           	0AE2	0000	25
		_get_config    		CODE           	0AFA	0000	25
		_set_t_fast    		CODE           	0BA2	0000	25
		_get_ocd_th    		CODE           	0AB2	0000	25
		_read_spi_chain		CODE           	07A6	0000	81
		_set_ton_min   		CODE           	0B72	0000	25
		_set_el_pos    		CODE           	09A4	0000	35
		_set_config    		CODE           	09C6	0000	35
		_set_ocd_th    		CODE           	0BD2	0000	25
		_get_adc_out   		CODE           	0B2A	0000	25
		_copy_from_eeprom		CODE           	0518	0000	291
		_get_tval      		CODE           	0A22	0000	25
		_get_step_mode 		CODE           	0A82	0000	25
		_set_adc_out   		CODE           	0C02	0000	25
		_get_toff_min  		CODE           	0A52	0000	25
		_chksum_check  		CODE           	0866	0000	55
		_set_tval      		CODE           	0B5A	0000	25
		_read_spi_chain_single		CODE           	063A	0000	143
		_set_step_mode 		CODE           	0BBA	0000	25
		_get_status    		CODE           	0A9A	0000	25
		_motor_enable  		CODE           	0C3A	0000	15

src/L6474.c estimated size: 1547

src/spi_open.c
		_OpenSPI       		CODE           	074C	0000	91

src/spi_open.c estimated size: 91

src/serial.c
		_uart_getc     		CODE           	0C56	0000	13
		_uart_putc     		CODE           	0C1A	0000	17

src/serial.c estimated size: 30

src/interrupt.c
		_delay_us      		CODE           	0830	0000	55
		_high_isr      		CODE           	0008	0000	141

src/interrupt.c estimated size: 196

src/spi_writ.c
		_WriteSPI      		CODE           	09E8	0000	31

src/spi_writ.c estimated size: 31

src/main.c
		_main          		CODE           	0098	0000	1153

src/main.c estimated size: 1153

shared
		__initialization		CODE           	07F6	0000	45

shared estimated size: 45

src/eeprom.c
		_write_eeprom_data		CODE           	0956	0000	41
		_read_eeprom_data		CODE           	0C2A	0000	17

src/eeprom.c estimated size: 58

