MPLINK 5.08, LINKER
Linker Map File - Created Mon Jun 19 21:00:00 2017

                                 Section Info
                  Section       Type    Address   Location Size(Bytes)
                ---------  ---------  ---------  ---------  ---------
                   .org_0       code   0x000000    program   0x000000
                   .org_1       code   0x000000    program   0x000004
                   .org_2       code   0x000008    program   0x00000e
                   .org_3       code   0x000018    program   0x000326
.config_300001_PIC18 BOOTLOADER.O    romdata   0x300001    program   0x000001
.config_300002_PIC18 BOOTLOADER.O    romdata   0x300002    program   0x000001
.config_300003_PIC18 BOOTLOADER.O    romdata   0x300003    program   0x000001
.config_300005_PIC18 BOOTLOADER.O    romdata   0x300005    program   0x000001
.config_300006_PIC18 BOOTLOADER.O    romdata   0x300006    program   0x000001
.config_300008_PIC18 BOOTLOADER.O    romdata   0x300008    program   0x000001
.config_300009_PIC18 BOOTLOADER.O    romdata   0x300009    program   0x000001
.config_30000A_PIC18 BOOTLOADER.O    romdata   0x30000a    program   0x000001
.config_30000B_PIC18 BOOTLOADER.O    romdata   0x30000b    program   0x000001
.config_30000C_PIC18 BOOTLOADER.O    romdata   0x30000c    program   0x000001
.config_30000D_PIC18 BOOTLOADER.O    romdata   0x30000d    program   0x000001



                              Program Memory Usage 
                               Start         End      
                           ---------   ---------      
                            0x000000    0x000003      
                            0x000008    0x000015      
                            0x000018    0x00033d      
                            0x300001    0x300003      
                            0x300005    0x300006      
                            0x300008    0x30000d      
            835 out of 8472 program addresses used, program memory utilization is 9%



                              Symbols - Sorted by Name
                     Name    Address   Location    Storage File                     
                ---------  ---------  ---------  --------- ---------                
                   AddCrc   0x0000e4    program     static C:\Users\ThomasTai\Documents\Rena Software\firmware\PCIe_CH382_STP\Serial Bootloader AN1310 v1.05\PIC18 Bootloader\PIC18 Bootloader.asm
         AppendDataBuffer   0x000070    program     static C:\Users\ThomasTai\Documents\Rena Software\firmware\PCIe_CH382_STP\Serial Bootloader AN1310 v1.05\PIC18 Bootloader\PIC18 Bootloader.asm
            BootInfoBlock   0x000106    program     static C:\Users\ThomasTai\Documents\Rena Software\firmware\PCIe_CH382_STP\Serial Bootloader AN1310 v1.05\PIC18 Bootloader\PIC18 Bootloader.asm
         BootInfoBlockEnd   0x000110    program     static C:\Users\ThomasTai\Documents\Rena Software\firmware\PCIe_CH382_STP\Serial Bootloader AN1310 v1.05\PIC18 Bootloader\PIC18 Bootloader.asm
             BootloadMode   0x00002e    program     static C:\Users\ThomasTai\Documents\Rena Software\firmware\PCIe_CH382_STP\Serial Bootloader AN1310 v1.05\PIC18 Bootloader\PIC18 Bootloader.asm
     BootloaderBreakCheck   0x00000c    program     static C:\Users\ThomasTai\Documents\Rena Software\firmware\PCIe_CH382_STP\Serial Bootloader AN1310 v1.05\PIC18 Bootloader\PIC18 Bootloader.asm
           BootloaderInfo   0x000110    program     static C:\Users\ThomasTai\Documents\Rena Software\firmware\PCIe_CH382_STP\Serial Bootloader AN1310 v1.05\PIC18 Bootloader\PIC18 Bootloader.asm
          BootloaderStart   0x000000    program     static C:\Users\ThomasTai\Documents\Rena Software\firmware\PCIe_CH382_STP\Serial Bootloader AN1310 v1.05\PIC18 Bootloader\PIC18 Bootloader.asm
           CheckAppVector   0x00000e    program     static C:\Users\ThomasTai\Documents\Rena Software\firmware\PCIe_CH382_STP\Serial Bootloader AN1310 v1.05\PIC18 Bootloader\PIC18 Bootloader.asm
          CheckAppVector2   0x00001c    program     static C:\Users\ThomasTai\Documents\Rena Software\firmware\PCIe_CH382_STP\Serial Bootloader AN1310 v1.05\PIC18 Bootloader\PIC18 Bootloader.asm
             CheckCommand   0x0000b4    program     static C:\Users\ThomasTai\Documents\Rena Software\firmware\PCIe_CH382_STP\Serial Bootloader AN1310 v1.05\PIC18 Bootloader\PIC18 Bootloader.asm
               DoAutoBaud   0x00004e    program     static C:\Users\ThomasTai\Documents\Rena Software\firmware\PCIe_CH382_STP\Serial Bootloader AN1310 v1.05\PIC18 Bootloader\PIC18 Bootloader.asm
            DoReadHostBit   0x000294    program     static C:\Users\ThomasTai\Documents\Rena Software\firmware\PCIe_CH382_STP\Serial Bootloader AN1310 v1.05\PIC18 Bootloader\PIC18 Bootloader.asm
           DoReadHostByte   0x0002b0    program     static C:\Users\ThomasTai\Documents\Rena Software\firmware\PCIe_CH382_STP\Serial Bootloader AN1310 v1.05\PIC18 Bootloader\PIC18 Bootloader.asm
           DoWriteHostBit   0x0002d8    program     static C:\Users\ThomasTai\Documents\Rena Software\firmware\PCIe_CH382_STP\Serial Bootloader AN1310 v1.05\PIC18 Bootloader\PIC18 Bootloader.asm
          DoWriteHostByte   0x0002f6    program     static C:\Users\ThomasTai\Documents\Rena Software\firmware\PCIe_CH382_STP\Serial Bootloader AN1310 v1.05\PIC18 Bootloader\PIC18 Bootloader.asm
         EraseAddressOkay   0x0001a4    program     static C:\Users\ThomasTai\Documents\Rena Software\firmware\PCIe_CH382_STP\Serial Bootloader AN1310 v1.05\PIC18 Bootloader\PIC18 Bootloader.asm
 EraseEndFlashAddressOkay   0x00017c    program     static C:\Users\ThomasTai\Documents\Rena Software\firmware\PCIe_CH382_STP\Serial Bootloader AN1310 v1.05\PIC18 Bootloader\PIC18 Bootloader.asm
               EraseFlash   0x000166    program     static C:\Users\ThomasTai\Documents\Rena Software\firmware\PCIe_CH382_STP\Serial Bootloader AN1310 v1.05\PIC18 Bootloader\PIC18 Bootloader.asm
            GotoAppVector   0x000024    program     static C:\Users\ThomasTai\Documents\Rena Software\firmware\PCIe_CH382_STP\Serial Bootloader AN1310 v1.05\PIC18 Bootloader\PIC18 Bootloader.asm
HighPriorityInterruptVector   0x000008    program     static C:\Users\ThomasTai\Documents\Rena Software\firmware\PCIe_CH382_STP\Serial Bootloader AN1310 v1.05\PIC18 Bootloader\PIC18 Bootloader.asm
          JUMPTABLE_BEGIN   0x0000ba    program     static C:\Users\ThomasTai\Documents\Rena Software\firmware\PCIe_CH382_STP\Serial Bootloader AN1310 v1.05\PIC18 Bootloader\PIC18 Bootloader.asm
     LoadHoldingRegisters   0x000204    program     static C:\Users\ThomasTai\Documents\Rena Software\firmware\PCIe_CH382_STP\Serial Bootloader AN1310 v1.05\PIC18 Bootloader\PIC18 Bootloader.asm
LowPriorityInterruptVector   0x000018    program     static C:\Users\ThomasTai\Documents\Rena Software\firmware\PCIe_CH382_STP\Serial Bootloader AN1310 v1.05\PIC18 Bootloader\PIC18 Bootloader.asm
           NextEraseBlock   0x0001aa    program     static C:\Users\ThomasTai\Documents\Rena Software\firmware\PCIe_CH382_STP\Serial Bootloader AN1310 v1.05\PIC18 Bootloader\PIC18 Bootloader.asm
                    NoETX   0x000068    program     static C:\Users\ThomasTai\Documents\Rena Software\firmware\PCIe_CH382_STP\Serial Bootloader AN1310 v1.05\PIC18 Bootloader\PIC18 Bootloader.asm
                    NoSTX   0x000062    program     static C:\Users\ThomasTai\Documents\Rena Software\firmware\PCIe_CH382_STP\Serial Bootloader AN1310 v1.05\PIC18 Bootloader\PIC18 Bootloader.asm
               ReadEeprom   0x00021c    program     static C:\Users\ThomasTai\Documents\Rena Software\firmware\PCIe_CH382_STP\Serial Bootloader AN1310 v1.05\PIC18 Bootloader\PIC18 Bootloader.asm
           ReadEepromLoop   0x00021e    program     static C:\Users\ThomasTai\Documents\Rena Software\firmware\PCIe_CH382_STP\Serial Bootloader AN1310 v1.05\PIC18 Bootloader\PIC18 Bootloader.asm
                ReadFlash   0x000122    program     static C:\Users\ThomasTai\Documents\Rena Software\firmware\PCIe_CH382_STP\Serial Bootloader AN1310 v1.05\PIC18 Bootloader\PIC18 Bootloader.asm
             ReadHostByte   0x00031e    program     static C:\Users\ThomasTai\Documents\Rena Software\firmware\PCIe_CH382_STP\Serial Bootloader AN1310 v1.05\PIC18 Bootloader\PIC18 Bootloader.asm
          ReceiveDataLoop   0x00005c    program     static C:\Users\ThomasTai\Documents\Rena Software\firmware\PCIe_CH382_STP\Serial Bootloader AN1310 v1.05\PIC18 Bootloader\PIC18 Bootloader.asm
          SendAcknowledge   0x000258    program     static C:\Users\ThomasTai\Documents\Rena Software\firmware\PCIe_CH382_STP\Serial Bootloader AN1310 v1.05\PIC18 Bootloader\PIC18 Bootloader.asm
             SendChecksum   0x000260    program     static C:\Users\ThomasTai\Documents\Rena Software\firmware\PCIe_CH382_STP\Serial Bootloader AN1310 v1.05\PIC18 Bootloader\PIC18 Bootloader.asm
                  SendETX   0x000268    program     static C:\Users\ThomasTai\Documents\Rena Software\firmware\PCIe_CH382_STP\Serial Bootloader AN1310 v1.05\PIC18 Bootloader\PIC18 Bootloader.asm
           SendEscapeByte   0x00026e    program     static C:\Users\ThomasTai\Documents\Rena Software\firmware\PCIe_CH382_STP\Serial Bootloader AN1310 v1.05\PIC18 Bootloader\PIC18 Bootloader.asm
             SendHostByte   0x00028e    program     static C:\Users\ThomasTai\Documents\Rena Software\firmware\PCIe_CH382_STP\Serial Bootloader AN1310 v1.05\PIC18 Bootloader\PIC18 Bootloader.asm
          SendHostDLEByte   0x000288    program     static C:\Users\ThomasTai\Documents\Rena Software\firmware\PCIe_CH382_STP\Serial Bootloader AN1310 v1.05\PIC18 Bootloader\PIC18 Bootloader.asm
              StartOfLine   0x000054    program     static C:\Users\ThomasTai\Documents\Rena Software\firmware\PCIe_CH382_STP\Serial Bootloader AN1310 v1.05\PIC18 Bootloader\PIC18 Bootloader.asm
               StartWrite   0x000330    program     static C:\Users\ThomasTai\Documents\Rena Software\firmware\PCIe_CH382_STP\Serial Bootloader AN1310 v1.05\PIC18 Bootloader\PIC18 Bootloader.asm
           TableWriteWREG   0x00032c    program     static C:\Users\ThomasTai\Documents\Rena Software\firmware\PCIe_CH382_STP\Serial Bootloader AN1310 v1.05\PIC18 Bootloader\PIC18 Bootloader.asm
              VerifyFlash   0x000138    program     static C:\Users\ThomasTai\Documents\Rena Software\firmware\PCIe_CH382_STP\Serial Bootloader AN1310 v1.05\PIC18 Bootloader\PIC18 Bootloader.asm
          VerifyPacketCRC   0x000076    program     static C:\Users\ThomasTai\Documents\Rena Software\firmware\PCIe_CH382_STP\Serial Bootloader AN1310 v1.05\PIC18 Bootloader\PIC18 Bootloader.asm
      VerifyPacketCrcLoop   0x000082    program     static C:\Users\ThomasTai\Documents\Rena Software\firmware\PCIe_CH382_STP\Serial Bootloader AN1310 v1.05\PIC18 Bootloader\PIC18 Bootloader.asm
       WaitForHostCommand   0x00004e    program     static C:\Users\ThomasTai\Documents\Rena Software\firmware\PCIe_CH382_STP\Serial Bootloader AN1310 v1.05\PIC18 Bootloader\PIC18 Bootloader.asm
              WaitForRise   0x0000d4    program     static C:\Users\ThomasTai\Documents\Rena Software\firmware\PCIe_CH382_STP\Serial Bootloader AN1310 v1.05\PIC18 Bootloader\PIC18 Bootloader.asm
          WaitForRiseLoop   0x0000d6    program     static C:\Users\ThomasTai\Documents\Rena Software\firmware\PCIe_CH382_STP\Serial Bootloader AN1310 v1.05\PIC18 Bootloader\PIC18 Bootloader.asm
                    WrDLE   0x000280    program     static C:\Users\ThomasTai\Documents\Rena Software\firmware\PCIe_CH382_STP\Serial Bootloader AN1310 v1.05\PIC18 Bootloader\PIC18 Bootloader.asm
                   WrNext   0x000284    program     static C:\Users\ThomasTai\Documents\Rena Software\firmware\PCIe_CH382_STP\Serial Bootloader AN1310 v1.05\PIC18 Bootloader\PIC18 Bootloader.asm
         WriteAddressOkay   0x000200    program     static C:\Users\ThomasTai\Documents\Rena Software\firmware\PCIe_CH382_STP\Serial Bootloader AN1310 v1.05\PIC18 Bootloader\PIC18 Bootloader.asm
              WriteConfig   0x000244    program     static C:\Users\ThomasTai\Documents\Rena Software\firmware\PCIe_CH382_STP\Serial Bootloader AN1310 v1.05\PIC18 Bootloader\PIC18 Bootloader.asm
          WriteConfigLoop   0x00024a    program     static C:\Users\ThomasTai\Documents\Rena Software\firmware\PCIe_CH382_STP\Serial Bootloader AN1310 v1.05\PIC18 Bootloader\PIC18 Bootloader.asm
              WriteEeprom   0x00022e    program     static C:\Users\ThomasTai\Documents\Rena Software\firmware\PCIe_CH382_STP\Serial Bootloader AN1310 v1.05\PIC18 Bootloader\PIC18 Bootloader.asm
          WriteEepromLoop   0x000232    program     static C:\Users\ThomasTai\Documents\Rena Software\firmware\PCIe_CH382_STP\Serial Bootloader AN1310 v1.05\PIC18 Bootloader\PIC18 Bootloader.asm
 WriteEndFlashAddressOkay   0x0001d8    program     static C:\Users\ThomasTai\Documents\Rena Software\firmware\PCIe_CH382_STP\Serial Bootloader AN1310 v1.05\PIC18 Bootloader\PIC18 Bootloader.asm
               WriteFlash   0x0001c2    program     static C:\Users\ThomasTai\Documents\Rena Software\firmware\PCIe_CH382_STP\Serial Bootloader AN1310 v1.05\PIC18 Bootloader\PIC18 Bootloader.asm
                     WtSR   0x0000de    program     static C:\Users\ThomasTai\Documents\Rena Software\firmware\PCIe_CH382_STP\Serial Bootloader AN1310 v1.05\PIC18 Bootloader\PIC18 Bootloader.asm
                       a1   0x000296    program     static C:\Users\ThomasTai\Documents\Rena Software\firmware\PCIe_CH382_STP\Serial Bootloader AN1310 v1.05\PIC18 Bootloader\PIC18 Bootloader.asm
                       a2   0x0002a6    program     static C:\Users\ThomasTai\Documents\Rena Software\firmware\PCIe_CH382_STP\Serial Bootloader AN1310 v1.05\PIC18 Bootloader\PIC18 Bootloader.asm
                       b1   0x0002d8    program     static C:\Users\ThomasTai\Documents\Rena Software\firmware\PCIe_CH382_STP\Serial Bootloader AN1310 v1.05\PIC18 Bootloader\PIC18 Bootloader.asm
                       b2   0x0002ec    program     static C:\Users\ThomasTai\Documents\Rena Software\firmware\PCIe_CH382_STP\Serial Bootloader AN1310 v1.05\PIC18 Bootloader\PIC18 Bootloader.asm
                   clrbit   0x0002e4    program     static C:\Users\ThomasTai\Documents\Rena Software\firmware\PCIe_CH382_STP\Serial Bootloader AN1310 v1.05\PIC18 Bootloader\PIC18 Bootloader.asm
                   setbit   0x0002ea    program     static C:\Users\ThomasTai\Documents\Rena Software\firmware\PCIe_CH382_STP\Serial Bootloader AN1310 v1.05\PIC18 Bootloader\PIC18 Bootloader.asm



                              Symbols - Sorted by Address
                     Name    Address   Location    Storage File                     
                ---------  ---------  ---------  --------- ---------                
          BootloaderStart   0x000000    program     static C:\Users\ThomasTai\Documents\Rena Software\firmware\PCIe_CH382_STP\Serial Bootloader AN1310 v1.05\PIC18 Bootloader\PIC18 Bootloader.asm
HighPriorityInterruptVector   0x000008    program     static C:\Users\ThomasTai\Documents\Rena Software\firmware\PCIe_CH382_STP\Serial Bootloader AN1310 v1.05\PIC18 Bootloader\PIC18 Bootloader.asm
     BootloaderBreakCheck   0x00000c    program     static C:\Users\ThomasTai\Documents\Rena Software\firmware\PCIe_CH382_STP\Serial Bootloader AN1310 v1.05\PIC18 Bootloader\PIC18 Bootloader.asm
           CheckAppVector   0x00000e    program     static C:\Users\ThomasTai\Documents\Rena Software\firmware\PCIe_CH382_STP\Serial Bootloader AN1310 v1.05\PIC18 Bootloader\PIC18 Bootloader.asm
LowPriorityInterruptVector   0x000018    program     static C:\Users\ThomasTai\Documents\Rena Software\firmware\PCIe_CH382_STP\Serial Bootloader AN1310 v1.05\PIC18 Bootloader\PIC18 Bootloader.asm
          CheckAppVector2   0x00001c    program     static C:\Users\ThomasTai\Documents\Rena Software\firmware\PCIe_CH382_STP\Serial Bootloader AN1310 v1.05\PIC18 Bootloader\PIC18 Bootloader.asm
            GotoAppVector   0x000024    program     static C:\Users\ThomasTai\Documents\Rena Software\firmware\PCIe_CH382_STP\Serial Bootloader AN1310 v1.05\PIC18 Bootloader\PIC18 Bootloader.asm
             BootloadMode   0x00002e    program     static C:\Users\ThomasTai\Documents\Rena Software\firmware\PCIe_CH382_STP\Serial Bootloader AN1310 v1.05\PIC18 Bootloader\PIC18 Bootloader.asm
       WaitForHostCommand   0x00004e    program     static C:\Users\ThomasTai\Documents\Rena Software\firmware\PCIe_CH382_STP\Serial Bootloader AN1310 v1.05\PIC18 Bootloader\PIC18 Bootloader.asm
               DoAutoBaud   0x00004e    program     static C:\Users\ThomasTai\Documents\Rena Software\firmware\PCIe_CH382_STP\Serial Bootloader AN1310 v1.05\PIC18 Bootloader\PIC18 Bootloader.asm
              StartOfLine   0x000054    program     static C:\Users\ThomasTai\Documents\Rena Software\firmware\PCIe_CH382_STP\Serial Bootloader AN1310 v1.05\PIC18 Bootloader\PIC18 Bootloader.asm
          ReceiveDataLoop   0x00005c    program     static C:\Users\ThomasTai\Documents\Rena Software\firmware\PCIe_CH382_STP\Serial Bootloader AN1310 v1.05\PIC18 Bootloader\PIC18 Bootloader.asm
                    NoSTX   0x000062    program     static C:\Users\ThomasTai\Documents\Rena Software\firmware\PCIe_CH382_STP\Serial Bootloader AN1310 v1.05\PIC18 Bootloader\PIC18 Bootloader.asm
                    NoETX   0x000068    program     static C:\Users\ThomasTai\Documents\Rena Software\firmware\PCIe_CH382_STP\Serial Bootloader AN1310 v1.05\PIC18 Bootloader\PIC18 Bootloader.asm
         AppendDataBuffer   0x000070    program     static C:\Users\ThomasTai\Documents\Rena Software\firmware\PCIe_CH382_STP\Serial Bootloader AN1310 v1.05\PIC18 Bootloader\PIC18 Bootloader.asm
          VerifyPacketCRC   0x000076    program     static C:\Users\ThomasTai\Documents\Rena Software\firmware\PCIe_CH382_STP\Serial Bootloader AN1310 v1.05\PIC18 Bootloader\PIC18 Bootloader.asm
      VerifyPacketCrcLoop   0x000082    program     static C:\Users\ThomasTai\Documents\Rena Software\firmware\PCIe_CH382_STP\Serial Bootloader AN1310 v1.05\PIC18 Bootloader\PIC18 Bootloader.asm
             CheckCommand   0x0000b4    program     static C:\Users\ThomasTai\Documents\Rena Software\firmware\PCIe_CH382_STP\Serial Bootloader AN1310 v1.05\PIC18 Bootloader\PIC18 Bootloader.asm
          JUMPTABLE_BEGIN   0x0000ba    program     static C:\Users\ThomasTai\Documents\Rena Software\firmware\PCIe_CH382_STP\Serial Bootloader AN1310 v1.05\PIC18 Bootloader\PIC18 Bootloader.asm
              WaitForRise   0x0000d4    program     static C:\Users\ThomasTai\Documents\Rena Software\firmware\PCIe_CH382_STP\Serial Bootloader AN1310 v1.05\PIC18 Bootloader\PIC18 Bootloader.asm
          WaitForRiseLoop   0x0000d6    program     static C:\Users\ThomasTai\Documents\Rena Software\firmware\PCIe_CH382_STP\Serial Bootloader AN1310 v1.05\PIC18 Bootloader\PIC18 Bootloader.asm
                     WtSR   0x0000de    program     static C:\Users\ThomasTai\Documents\Rena Software\firmware\PCIe_CH382_STP\Serial Bootloader AN1310 v1.05\PIC18 Bootloader\PIC18 Bootloader.asm
                   AddCrc   0x0000e4    program     static C:\Users\ThomasTai\Documents\Rena Software\firmware\PCIe_CH382_STP\Serial Bootloader AN1310 v1.05\PIC18 Bootloader\PIC18 Bootloader.asm
            BootInfoBlock   0x000106    program     static C:\Users\ThomasTai\Documents\Rena Software\firmware\PCIe_CH382_STP\Serial Bootloader AN1310 v1.05\PIC18 Bootloader\PIC18 Bootloader.asm
         BootInfoBlockEnd   0x000110    program     static C:\Users\ThomasTai\Documents\Rena Software\firmware\PCIe_CH382_STP\Serial Bootloader AN1310 v1.05\PIC18 Bootloader\PIC18 Bootloader.asm
           BootloaderInfo   0x000110    program     static C:\Users\ThomasTai\Documents\Rena Software\firmware\PCIe_CH382_STP\Serial Bootloader AN1310 v1.05\PIC18 Bootloader\PIC18 Bootloader.asm
                ReadFlash   0x000122    program     static C:\Users\ThomasTai\Documents\Rena Software\firmware\PCIe_CH382_STP\Serial Bootloader AN1310 v1.05\PIC18 Bootloader\PIC18 Bootloader.asm
              VerifyFlash   0x000138    program     static C:\Users\ThomasTai\Documents\Rena Software\firmware\PCIe_CH382_STP\Serial Bootloader AN1310 v1.05\PIC18 Bootloader\PIC18 Bootloader.asm
               EraseFlash   0x000166    program     static C:\Users\ThomasTai\Documents\Rena Software\firmware\PCIe_CH382_STP\Serial Bootloader AN1310 v1.05\PIC18 Bootloader\PIC18 Bootloader.asm
 EraseEndFlashAddressOkay   0x00017c    program     static C:\Users\ThomasTai\Documents\Rena Software\firmware\PCIe_CH382_STP\Serial Bootloader AN1310 v1.05\PIC18 Bootloader\PIC18 Bootloader.asm
         EraseAddressOkay   0x0001a4    program     static C:\Users\ThomasTai\Documents\Rena Software\firmware\PCIe_CH382_STP\Serial Bootloader AN1310 v1.05\PIC18 Bootloader\PIC18 Bootloader.asm
           NextEraseBlock   0x0001aa    program     static C:\Users\ThomasTai\Documents\Rena Software\firmware\PCIe_CH382_STP\Serial Bootloader AN1310 v1.05\PIC18 Bootloader\PIC18 Bootloader.asm
               WriteFlash   0x0001c2    program     static C:\Users\ThomasTai\Documents\Rena Software\firmware\PCIe_CH382_STP\Serial Bootloader AN1310 v1.05\PIC18 Bootloader\PIC18 Bootloader.asm
 WriteEndFlashAddressOkay   0x0001d8    program     static C:\Users\ThomasTai\Documents\Rena Software\firmware\PCIe_CH382_STP\Serial Bootloader AN1310 v1.05\PIC18 Bootloader\PIC18 Bootloader.asm
         WriteAddressOkay   0x000200    program     static C:\Users\ThomasTai\Documents\Rena Software\firmware\PCIe_CH382_STP\Serial Bootloader AN1310 v1.05\PIC18 Bootloader\PIC18 Bootloader.asm
     LoadHoldingRegisters   0x000204    program     static C:\Users\ThomasTai\Documents\Rena Software\firmware\PCIe_CH382_STP\Serial Bootloader AN1310 v1.05\PIC18 Bootloader\PIC18 Bootloader.asm
               ReadEeprom   0x00021c    program     static C:\Users\ThomasTai\Documents\Rena Software\firmware\PCIe_CH382_STP\Serial Bootloader AN1310 v1.05\PIC18 Bootloader\PIC18 Bootloader.asm
           ReadEepromLoop   0x00021e    program     static C:\Users\ThomasTai\Documents\Rena Software\firmware\PCIe_CH382_STP\Serial Bootloader AN1310 v1.05\PIC18 Bootloader\PIC18 Bootloader.asm
              WriteEeprom   0x00022e    program     static C:\Users\ThomasTai\Documents\Rena Software\firmware\PCIe_CH382_STP\Serial Bootloader AN1310 v1.05\PIC18 Bootloader\PIC18 Bootloader.asm
          WriteEepromLoop   0x000232    program     static C:\Users\ThomasTai\Documents\Rena Software\firmware\PCIe_CH382_STP\Serial Bootloader AN1310 v1.05\PIC18 Bootloader\PIC18 Bootloader.asm
              WriteConfig   0x000244    program     static C:\Users\ThomasTai\Documents\Rena Software\firmware\PCIe_CH382_STP\Serial Bootloader AN1310 v1.05\PIC18 Bootloader\PIC18 Bootloader.asm
          WriteConfigLoop   0x00024a    program     static C:\Users\ThomasTai\Documents\Rena Software\firmware\PCIe_CH382_STP\Serial Bootloader AN1310 v1.05\PIC18 Bootloader\PIC18 Bootloader.asm
          SendAcknowledge   0x000258    program     static C:\Users\ThomasTai\Documents\Rena Software\firmware\PCIe_CH382_STP\Serial Bootloader AN1310 v1.05\PIC18 Bootloader\PIC18 Bootloader.asm
             SendChecksum   0x000260    program     static C:\Users\ThomasTai\Documents\Rena Software\firmware\PCIe_CH382_STP\Serial Bootloader AN1310 v1.05\PIC18 Bootloader\PIC18 Bootloader.asm
                  SendETX   0x000268    program     static C:\Users\ThomasTai\Documents\Rena Software\firmware\PCIe_CH382_STP\Serial Bootloader AN1310 v1.05\PIC18 Bootloader\PIC18 Bootloader.asm
           SendEscapeByte   0x00026e    program     static C:\Users\ThomasTai\Documents\Rena Software\firmware\PCIe_CH382_STP\Serial Bootloader AN1310 v1.05\PIC18 Bootloader\PIC18 Bootloader.asm
                    WrDLE   0x000280    program     static C:\Users\ThomasTai\Documents\Rena Software\firmware\PCIe_CH382_STP\Serial Bootloader AN1310 v1.05\PIC18 Bootloader\PIC18 Bootloader.asm
                   WrNext   0x000284    program     static C:\Users\ThomasTai\Documents\Rena Software\firmware\PCIe_CH382_STP\Serial Bootloader AN1310 v1.05\PIC18 Bootloader\PIC18 Bootloader.asm
          SendHostDLEByte   0x000288    program     static C:\Users\ThomasTai\Documents\Rena Software\firmware\PCIe_CH382_STP\Serial Bootloader AN1310 v1.05\PIC18 Bootloader\PIC18 Bootloader.asm
             SendHostByte   0x00028e    program     static C:\Users\ThomasTai\Documents\Rena Software\firmware\PCIe_CH382_STP\Serial Bootloader AN1310 v1.05\PIC18 Bootloader\PIC18 Bootloader.asm
            DoReadHostBit   0x000294    program     static C:\Users\ThomasTai\Documents\Rena Software\firmware\PCIe_CH382_STP\Serial Bootloader AN1310 v1.05\PIC18 Bootloader\PIC18 Bootloader.asm
                       a1   0x000296    program     static C:\Users\ThomasTai\Documents\Rena Software\firmware\PCIe_CH382_STP\Serial Bootloader AN1310 v1.05\PIC18 Bootloader\PIC18 Bootloader.asm
                       a2   0x0002a6    program     static C:\Users\ThomasTai\Documents\Rena Software\firmware\PCIe_CH382_STP\Serial Bootloader AN1310 v1.05\PIC18 Bootloader\PIC18 Bootloader.asm
           DoReadHostByte   0x0002b0    program     static C:\Users\ThomasTai\Documents\Rena Software\firmware\PCIe_CH382_STP\Serial Bootloader AN1310 v1.05\PIC18 Bootloader\PIC18 Bootloader.asm
           DoWriteHostBit   0x0002d8    program     static C:\Users\ThomasTai\Documents\Rena Software\firmware\PCIe_CH382_STP\Serial Bootloader AN1310 v1.05\PIC18 Bootloader\PIC18 Bootloader.asm
                       b1   0x0002d8    program     static C:\Users\ThomasTai\Documents\Rena Software\firmware\PCIe_CH382_STP\Serial Bootloader AN1310 v1.05\PIC18 Bootloader\PIC18 Bootloader.asm
                   clrbit   0x0002e4    program     static C:\Users\ThomasTai\Documents\Rena Software\firmware\PCIe_CH382_STP\Serial Bootloader AN1310 v1.05\PIC18 Bootloader\PIC18 Bootloader.asm
                   setbit   0x0002ea    program     static C:\Users\ThomasTai\Documents\Rena Software\firmware\PCIe_CH382_STP\Serial Bootloader AN1310 v1.05\PIC18 Bootloader\PIC18 Bootloader.asm
                       b2   0x0002ec    program     static C:\Users\ThomasTai\Documents\Rena Software\firmware\PCIe_CH382_STP\Serial Bootloader AN1310 v1.05\PIC18 Bootloader\PIC18 Bootloader.asm
          DoWriteHostByte   0x0002f6    program     static C:\Users\ThomasTai\Documents\Rena Software\firmware\PCIe_CH382_STP\Serial Bootloader AN1310 v1.05\PIC18 Bootloader\PIC18 Bootloader.asm
             ReadHostByte   0x00031e    program     static C:\Users\ThomasTai\Documents\Rena Software\firmware\PCIe_CH382_STP\Serial Bootloader AN1310 v1.05\PIC18 Bootloader\PIC18 Bootloader.asm
           TableWriteWREG   0x00032c    program     static C:\Users\ThomasTai\Documents\Rena Software\firmware\PCIe_CH382_STP\Serial Bootloader AN1310 v1.05\PIC18 Bootloader\PIC18 Bootloader.asm
               StartWrite   0x000330    program     static C:\Users\ThomasTai\Documents\Rena Software\firmware\PCIe_CH382_STP\Serial Bootloader AN1310 v1.05\PIC18 Bootloader\PIC18 Bootloader.asm


